F:/stm32cubemx/project/4inch_cubeproject/Src/test.c:207:13:ApplyTempThreshold	0	static
F:/stm32cubemx/project/4inch_cubeproject/Src/test.c:217:13:ApplyHumThreshold	0	static
F:/stm32cubemx/project/4inch_cubeproject/Src/test.c:227:13:ApplyPressThreshold	0	static
F:/stm32cubemx/project/4inch_cubeproject/Src/test.c:629:13:PushWaveSample	8	static
F:/stm32cubemx/project/4inch_cubeproject/Src/test.c:551:13:DrawHumidityDynamic	96	static
F:/stm32cubemx/project/4inch_cubeproject/Src/test.c:590:13:DrawPressureDynamic	96	static
F:/stm32cubemx/project/4inch_cubeproject/Src/test.c:474:13:DrawHomeDynamic	80	static
F:/stm32cubemx/project/4inch_cubeproject/Src/test.c:511:13:DrawTempDynamic	96	static
F:/stm32cubemx/project/4inch_cubeproject/Src/test.c:679:13:DrawWaveFrame	48	static
F:/stm32cubemx/project/4inch_cubeproject/Src/test.c:237:13:ExitEditAndApply	8	static
F:/stm32cubemx/project/4inch_cubeproject/Src/test.c:689:13:DrawWaveSeries.constprop	48	static
F:/stm32cubemx/project/4inch_cubeproject/Src/test.c:717:13:DrawWaveDynamic	48	static
F:/stm32cubemx/project/4inch_cubeproject/Src/test.c:112:6:LED_Init	0	static
F:/stm32cubemx/project/4inch_cubeproject/Src/test.c:117:6:LED_Control	8	static
F:/stm32cubemx/project/4inch_cubeproject/Src/test.c:132:6:KEY_Init	0	static
F:/stm32cubemx/project/4inch_cubeproject/Src/test.c:138:4:KEY_Scan	16	static
F:/stm32cubemx/project/4inch_cubeproject/Src/test.c:436:6:DrawTitleBar	32	static
F:/stm32cubemx/project/4inch_cubeproject/Src/test.c:444:6:DrawNavBar	96	static
F:/stm32cubemx/project/4inch_cubeproject/Src/test.c:737:6:DrawPage_Home	40	static
F:/stm32cubemx/project/4inch_cubeproject/Src/test.c:761:6:DrawPage_Temp	32	static
F:/stm32cubemx/project/4inch_cubeproject/Src/test.c:774:6:DrawPage_Humidity	32	static
F:/stm32cubemx/project/4inch_cubeproject/Src/test.c:787:6:DrawPage_Pressure	32	static
F:/stm32cubemx/project/4inch_cubeproject/Src/test.c:800:6:DrawPage_Wave	8	static
F:/stm32cubemx/project/4inch_cubeproject/Src/test.c:808:6:SwitchPage	0	static
F:/stm32cubemx/project/4inch_cubeproject/Src/test.c:256:6:HandleKey	8	static
F:/stm32cubemx/project/4inch_cubeproject/Src/test.c:815:6:RefreshPage	16	static
F:/stm32cubemx/project/4inch_cubeproject/Src/test.c:870:4:HandleNavTouch	0	static
F:/stm32cubemx/project/4inch_cubeproject/Src/test.c:882:6:HandleTouch	16	static
F:/stm32cubemx/project/4inch_cubeproject/Src/test.c:1054:6:UpdateSensorData	40	static
F:/stm32cubemx/project/4inch_cubeproject/Src/test.c:1121:6:main_test	24	static
