F:/stm32cubemx/project/4inch_cubeproject/Src/GUI.c:49:6:GUI_DrawPoint	8	static
F:/stm32cubemx/project/4inch_cubeproject/Src/GUI.c:66:6:LCD_Fill	24	static
F:/stm32cubemx/project/4inch_cubeproject/Src/GUI.c:90:6:LCD_DrawLine	56	static
F:/stm32cubemx/project/4inch_cubeproject/Src/GUI.c:136:6:LCD_DrawRectangle	24	static
F:/stm32cubemx/project/4inch_cubeproject/Src/GUI.c:154:6:LCD_DrawFillRectangle	16	static
F:/stm32cubemx/project/4inch_cubeproject/Src/GUI.c:170:6:_draw_circle_8	40	static
F:/stm32cubemx/project/4inch_cubeproject/Src/GUI.c:199:6:gui_circle	40	static
F:/stm32cubemx/project/4inch_cubeproject/Src/GUI.c:249:6:Draw_Triangel	32	static
F:/stm32cubemx/project/4inch_cubeproject/Src/GUI.c:276:6:Fill_Triangel	80	static
F:/stm32cubemx/project/4inch_cubeproject/Src/GUI.c:375:6:LCD_ShowChar	64	static
F:/stm32cubemx/project/4inch_cubeproject/Src/GUI.c:427:6:LCD_ShowString	64	static
F:/stm32cubemx/project/4inch_cubeproject/Src/GUI.c:447:5:mypow	0	static
F:/stm32cubemx/project/4inch_cubeproject/Src/GUI.c:468:6:LCD_ShowNum	80	static
F:/stm32cubemx/project/4inch_cubeproject/Src/GUI.c:519:6:GUI_DrawFont16	56	static
F:/stm32cubemx/project/4inch_cubeproject/Src/GUI.c:578:6:GUI_DrawFont24	56	static
F:/stm32cubemx/project/4inch_cubeproject/Src/GUI.c:634:6:GUI_DrawFont32	56	static
F:/stm32cubemx/project/4inch_cubeproject/Src/GUI.c:690:6:Show_Str	72	static
F:/stm32cubemx/project/4inch_cubeproject/Src/GUI.c:756:6:Gui_StrCenter	32	static
F:/stm32cubemx/project/4inch_cubeproject/Src/GUI.c:772:6:Gui_Drawbmp16	16	static
F:/stm32cubemx/project/4inch_cubeproject/Src/GUI.c:797:6:Gui_Drawbmp16_Custom	24	static
