F:/stm32cubemx/project/4inch_cubeproject/Src/test.c:157:13:LED_RefreshMode	0	static
F:/stm32cubemx/project/4inch_cubeproject/Src/test.c:286:13:ApplyTempThreshold	0	static
F:/stm32cubemx/project/4inch_cubeproject/Src/test.c:297:13:ApplyHumThreshold	0	static
F:/stm32cubemx/project/4inch_cubeproject/Src/test.c:308:13:ApplyPressThreshold	0	static
F:/stm32cubemx/project/4inch_cubeproject/Src/test.c:633:13:DrawHumidityDynamic	96	static
F:/stm32cubemx/project/4inch_cubeproject/Src/test.c:672:13:DrawPressureDynamic	96	static
F:/stm32cubemx/project/4inch_cubeproject/Src/test.c:556:13:DrawHomeDynamic	80	static
F:/stm32cubemx/project/4inch_cubeproject/Src/test.c:593:13:DrawTempDynamic	96	static
F:/stm32cubemx/project/4inch_cubeproject/Src/test.c:767:13:DrawWaveFrame	48	static
F:/stm32cubemx/project/4inch_cubeproject/Src/test.c:319:13:ExitEditAndApply	8	static
F:/stm32cubemx/project/4inch_cubeproject/Src/test.c:777:13:DrawWaveSeries.constprop	48	static
F:/stm32cubemx/project/4inch_cubeproject/Src/test.c:807:13:DrawWaveDynamic	48	static
F:/stm32cubemx/project/4inch_cubeproject/Src/test.c:711:13:PushWaveSample	24	static
F:/stm32cubemx/project/4inch_cubeproject/Src/test.c:128:6:LED_Init	8	static
F:/stm32cubemx/project/4inch_cubeproject/Src/test.c:211:6:KEY_Init	0	static
F:/stm32cubemx/project/4inch_cubeproject/Src/test.c:217:4:KEY_Scan	16	static
F:/stm32cubemx/project/4inch_cubeproject/Src/test.c:518:6:DrawTitleBar	32	static
F:/stm32cubemx/project/4inch_cubeproject/Src/test.c:526:6:DrawNavBar	96	static
F:/stm32cubemx/project/4inch_cubeproject/Src/test.c:827:6:DrawPage_Home	40	static
F:/stm32cubemx/project/4inch_cubeproject/Src/test.c:851:6:DrawPage_Temp	32	static
F:/stm32cubemx/project/4inch_cubeproject/Src/test.c:864:6:DrawPage_Humidity	32	static
F:/stm32cubemx/project/4inch_cubeproject/Src/test.c:877:6:DrawPage_Pressure	32	static
F:/stm32cubemx/project/4inch_cubeproject/Src/test.c:890:6:DrawPage_Wave	8	static
F:/stm32cubemx/project/4inch_cubeproject/Src/test.c:898:6:SwitchPage	0	static
F:/stm32cubemx/project/4inch_cubeproject/Src/test.c:338:6:HandleKey	8	static
F:/stm32cubemx/project/4inch_cubeproject/Src/test.c:905:6:RefreshPage	16	static
F:/stm32cubemx/project/4inch_cubeproject/Src/test.c:960:4:HandleNavTouch	0	static
F:/stm32cubemx/project/4inch_cubeproject/Src/test.c:972:6:HandleTouch	16	static
F:/stm32cubemx/project/4inch_cubeproject/Src/test.c:1144:6:UpdateSensorData	32	static
F:/stm32cubemx/project/4inch_cubeproject/Src/test.c:1203:6:main_test	24	static
