F:/stm32cubemx/project/4inch_cubeproject/Src/test.c:170:13:LED_RefreshMode	0	static
F:/stm32cubemx/project/4inch_cubeproject/Src/test.c:299:13:ApplyTempThreshold	0	static
F:/stm32cubemx/project/4inch_cubeproject/Src/test.c:310:13:ApplyHumThreshold	0	static
F:/stm32cubemx/project/4inch_cubeproject/Src/test.c:321:13:ApplyPressThreshold	0	static
F:/stm32cubemx/project/4inch_cubeproject/Src/test.c:531:13:UiFill	12	static
F:/stm32cubemx/project/4inch_cubeproject/Src/test.c:641:13:DrawHintBar	32	static
F:/stm32cubemx/project/4inch_cubeproject/Src/test.c:559:13:FillRoundRect	48	static
F:/stm32cubemx/project/4inch_cubeproject/Src/test.c:587:13:DrawCard	40	static
F:/stm32cubemx/project/4inch_cubeproject/Src/test.c:708:13:DrawTempDynamic	96	static
F:/stm32cubemx/project/4inch_cubeproject/Src/test.c:748:13:DrawHumidityDynamic	96	static
F:/stm32cubemx/project/4inch_cubeproject/Src/test.c:787:13:DrawPressureDynamic	96	static
F:/stm32cubemx/project/4inch_cubeproject/Src/test.c:594:13:DrawMiniIcon	48	static
F:/stm32cubemx/project/4inch_cubeproject/Src/test.c:685:13:DrawHomeDynamic	88	static
F:/stm32cubemx/project/4inch_cubeproject/Src/test.c:882:13:DrawWaveFrame	48	static
F:/stm32cubemx/project/4inch_cubeproject/Src/test.c:332:13:ExitEditAndApply	8	static
F:/stm32cubemx/project/4inch_cubeproject/Src/test.c:543:13:UiTextCenter.constprop	40	static
F:/stm32cubemx/project/4inch_cubeproject/Src/test.c:893:13:DrawWaveSeries.constprop	48	static
F:/stm32cubemx/project/4inch_cubeproject/Src/test.c:923:13:DrawWaveDynamic	48	static
F:/stm32cubemx/project/4inch_cubeproject/Src/test.c:826:13:PushWaveSample	24	static
F:/stm32cubemx/project/4inch_cubeproject/Src/test.c:141:6:LED_Init	8	static
F:/stm32cubemx/project/4inch_cubeproject/Src/test.c:224:6:KEY_Init	0	static
F:/stm32cubemx/project/4inch_cubeproject/Src/test.c:230:4:KEY_Scan	16	static
F:/stm32cubemx/project/4inch_cubeproject/Src/test.c:648:6:DrawTitleBar	24	static
F:/stm32cubemx/project/4inch_cubeproject/Src/test.c:658:6:DrawNavBar	88	static
F:/stm32cubemx/project/4inch_cubeproject/Src/test.c:943:6:DrawPage_Home	32	static
F:/stm32cubemx/project/4inch_cubeproject/Src/test.c:960:6:DrawPage_Temp	24	static
F:/stm32cubemx/project/4inch_cubeproject/Src/test.c:973:6:DrawPage_Humidity	32	static
F:/stm32cubemx/project/4inch_cubeproject/Src/test.c:986:6:DrawPage_Pressure	24	static
F:/stm32cubemx/project/4inch_cubeproject/Src/test.c:999:6:DrawPage_Wave	8	static
F:/stm32cubemx/project/4inch_cubeproject/Src/test.c:1007:6:SwitchPage	0	static
F:/stm32cubemx/project/4inch_cubeproject/Src/test.c:351:6:HandleKey	8	static
F:/stm32cubemx/project/4inch_cubeproject/Src/test.c:1014:6:RefreshPage	16	static
F:/stm32cubemx/project/4inch_cubeproject/Src/test.c:1069:4:HandleNavTouch	0	static
F:/stm32cubemx/project/4inch_cubeproject/Src/test.c:1081:6:HandleTouch	16	static
F:/stm32cubemx/project/4inch_cubeproject/Src/test.c:1253:6:UpdateSensorData	32	static
F:/stm32cubemx/project/4inch_cubeproject/Src/test.c:1312:6:main_test	24	static
