Archive member included to satisfy reference by file (symbol)

F:/st-stm32cubeclt/STM32CubeCLT_1.21.0/GNU-tools-for-STM32/bin/../lib/gcc/arm-none-eabi/14.3.1/../../../../arm-none-eabi/lib/thumb/v7-m/nofp\libm.a(libm_a-w_sqrt.o)
                              CMakeFiles/4inch_cubeproject.dir/Src/touch.c.obj (sqrt)
F:/st-stm32cubeclt/STM32CubeCLT_1.21.0/GNU-tools-for-STM32/bin/../lib/gcc/arm-none-eabi/14.3.1/../../../../arm-none-eabi/lib/thumb/v7-m/nofp\libm.a(libm_a-e_sqrt.o)
                              F:/st-stm32cubeclt/STM32CubeCLT_1.21.0/GNU-tools-for-STM32/bin/../lib/gcc/arm-none-eabi/14.3.1/../../../../arm-none-eabi/lib/thumb/v7-m/nofp\libm.a(libm_a-w_sqrt.o) (__ieee754_sqrt)
F:/st-stm32cubeclt/STM32CubeCLT_1.21.0/GNU-tools-for-STM32/bin/../lib/gcc/arm-none-eabi/14.3.1/thumb/v7-m/nofp\libgcc.a(_arm_muldf3.o)
                              CMakeFiles/4inch_cubeproject.dir/Src/GUI.c.obj (__aeabi_dmul)
F:/st-stm32cubeclt/STM32CubeCLT_1.21.0/GNU-tools-for-STM32/bin/../lib/gcc/arm-none-eabi/14.3.1/thumb/v7-m/nofp\libgcc.a(_arm_mulsf3.o)
                              CMakeFiles/4inch_cubeproject.dir/Src/aht20.c.obj (__aeabi_fmul)
F:/st-stm32cubeclt/STM32CubeCLT_1.21.0/GNU-tools-for-STM32/bin/../lib/gcc/arm-none-eabi/14.3.1/thumb/v7-m/nofp\libgcc.a(_arm_addsubdf3.o)
                              F:/st-stm32cubeclt/STM32CubeCLT_1.21.0/GNU-tools-for-STM32/bin/../lib/gcc/arm-none-eabi/14.3.1/../../../../arm-none-eabi/lib/thumb/v7-m/nofp\libm.a(libm_a-e_sqrt.o) (__aeabi_dsub)
F:/st-stm32cubeclt/STM32CubeCLT_1.21.0/GNU-tools-for-STM32/bin/../lib/gcc/arm-none-eabi/14.3.1/thumb/v7-m/nofp\libgcc.a(_arm_muldivdf3.o)
                              F:/st-stm32cubeclt/STM32CubeCLT_1.21.0/GNU-tools-for-STM32/bin/../lib/gcc/arm-none-eabi/14.3.1/../../../../arm-none-eabi/lib/thumb/v7-m/nofp\libm.a(libm_a-w_sqrt.o) (__aeabi_ddiv)
F:/st-stm32cubeclt/STM32CubeCLT_1.21.0/GNU-tools-for-STM32/bin/../lib/gcc/arm-none-eabi/14.3.1/thumb/v7-m/nofp\libgcc.a(_arm_cmpdf2.o)
                              CMakeFiles/4inch_cubeproject.dir/Src/GUI.c.obj (__aeabi_dcmplt)
F:/st-stm32cubeclt/STM32CubeCLT_1.21.0/GNU-tools-for-STM32/bin/../lib/gcc/arm-none-eabi/14.3.1/thumb/v7-m/nofp\libgcc.a(_arm_unorddf2.o)
                              F:/st-stm32cubeclt/STM32CubeCLT_1.21.0/GNU-tools-for-STM32/bin/../lib/gcc/arm-none-eabi/14.3.1/../../../../arm-none-eabi/lib/thumb/v7-m/nofp\libm.a(libm_a-w_sqrt.o) (__aeabi_dcmpun)
F:/st-stm32cubeclt/STM32CubeCLT_1.21.0/GNU-tools-for-STM32/bin/../lib/gcc/arm-none-eabi/14.3.1/thumb/v7-m/nofp\libgcc.a(_arm_fixunsdfsi.o)
                              CMakeFiles/4inch_cubeproject.dir/Src/GUI.c.obj (__aeabi_d2uiz)
F:/st-stm32cubeclt/STM32CubeCLT_1.21.0/GNU-tools-for-STM32/bin/../lib/gcc/arm-none-eabi/14.3.1/thumb/v7-m/nofp\libgcc.a(_arm_addsubsf3.o)
                              CMakeFiles/4inch_cubeproject.dir/Src/aht20.c.obj (__aeabi_fsub)
F:/st-stm32cubeclt/STM32CubeCLT_1.21.0/GNU-tools-for-STM32/bin/../lib/gcc/arm-none-eabi/14.3.1/thumb/v7-m/nofp\libgcc.a(_arm_muldivsf3.o)
                              CMakeFiles/4inch_cubeproject.dir/Src/bmp280.c.obj (__aeabi_fdiv)
F:/st-stm32cubeclt/STM32CubeCLT_1.21.0/GNU-tools-for-STM32/bin/../lib/gcc/arm-none-eabi/14.3.1/thumb/v7-m/nofp\libgcc.a(_arm_cmpsf2.o)
                              CMakeFiles/4inch_cubeproject.dir/Src/touch.c.obj (__aeabi_fcmplt)
F:/st-stm32cubeclt/STM32CubeCLT_1.21.0/GNU-tools-for-STM32/bin/../lib/gcc/arm-none-eabi/14.3.1/thumb/v7-m/nofp\libgcc.a(_arm_fixsfsi.o)
                              CMakeFiles/4inch_cubeproject.dir/Src/test.c.obj (__aeabi_f2iz)
F:/st-stm32cubeclt/STM32CubeCLT_1.21.0/GNU-tools-for-STM32/bin/../lib/gcc/arm-none-eabi/14.3.1/thumb/v7-m/nofp\libgcc.a(_arm_fixunssfsi.o)
                              CMakeFiles/4inch_cubeproject.dir/Src/touch.c.obj (__aeabi_f2uiz)
F:/st-stm32cubeclt/STM32CubeCLT_1.21.0/GNU-tools-for-STM32/bin/../lib/gcc/arm-none-eabi/14.3.1/thumb/v7-m/nofp\libgcc.a(_aeabi_ldivmod.o)
                              CMakeFiles/4inch_cubeproject.dir/Src/bmp280.c.obj (__aeabi_ldivmod)
F:/st-stm32cubeclt/STM32CubeCLT_1.21.0/GNU-tools-for-STM32/bin/../lib/gcc/arm-none-eabi/14.3.1/thumb/v7-m/nofp\libgcc.a(_udivmoddi4.o)
                              F:/st-stm32cubeclt/STM32CubeCLT_1.21.0/GNU-tools-for-STM32/bin/../lib/gcc/arm-none-eabi/14.3.1/thumb/v7-m/nofp\libgcc.a(_aeabi_ldivmod.o) (__udivmoddi4)
F:/st-stm32cubeclt/STM32CubeCLT_1.21.0/GNU-tools-for-STM32/bin/../lib/gcc/arm-none-eabi/14.3.1/thumb/v7-m/nofp\libgcc.a(_dvmd_tls.o)
                              F:/st-stm32cubeclt/STM32CubeCLT_1.21.0/GNU-tools-for-STM32/bin/../lib/gcc/arm-none-eabi/14.3.1/thumb/v7-m/nofp\libgcc.a(_aeabi_ldivmod.o) (__aeabi_ldiv0)
F:/st-stm32cubeclt/STM32CubeCLT_1.21.0/GNU-tools-for-STM32/bin/../lib/gcc/arm-none-eabi/14.3.1/../../../../arm-none-eabi/lib/thumb/v7-m/nofp\libg_nano.a(libc_a-exit.o)
[...]
Memory Configuration

Name             Origin             Length             Attributes
RAM              0x20000000         0x00005000         xrw
FLASH            0x08000000         0x0000fc00         xr
*default*        0x00000000         0xffffffff

Linker script and memory map

LOAD F:/st-stm32cubeclt/STM32CubeCLT_1.21.0/GNU-tools-for-STM32/bin/../lib/gcc/arm-none-eabi/14.3.1/thumb/v7-m/nofp/crti.o
LOAD F:/st-stm32cubeclt/STM32CubeCLT_1.21.0/GNU-tools-for-STM32/bin/../lib/gcc/arm-none-eabi/14.3.1/thumb/v7-m/nofp/crtbegin.o
LOAD F:/st-stm32cubeclt/STM32CubeCLT_1.21.0/GNU-tools-for-STM32/bin/../lib/gcc/arm-none-eabi/14.3.1/../../../../arm-none-eabi/lib/thumb/v7-m/nofp/crt0.o
LOAD cmake/stm32cubemx/CMakeFiles/STM32_Drivers.dir/__/__/Src/system_stm32f1xx.c.obj
LOAD cmake/stm32cubemx/CMakeFiles/STM32_Drivers.dir/__/__/Drivers/STM32F1xx_HAL_Driver/Src/stm32f1xx_hal_gpio_ex.c.obj
LOAD cmake/stm32cubemx/CMakeFiles/STM32_Drivers.dir/__/__/Drivers/STM32F1xx_HAL_Driver/Src/stm32f1xx_hal_spi.c.obj
LOAD cmake/stm32cubemx/CMakeFiles/STM32_Drivers.dir/__/__/Drivers/STM32F1xx_HAL_Driver/Src/stm32f1xx_hal.c.obj
LOAD cmake/stm32cubemx/CMakeFiles/STM32_Drivers.dir/__/__/Drivers/STM32F1xx_HAL_Driver/Src/stm32f1xx_hal_rcc.c.obj
LOAD cmake/stm32cubemx/CMakeFiles/STM32_Drivers.dir/__/__/Drivers/STM32F1xx_HAL_Driver/Src/stm32f1xx_hal_rcc_ex.c.obj
LOAD cmake/stm32cubemx/CMakeFiles/STM32_Drivers.dir/__/__/Drivers/STM32F1xx_HAL_Driver/Src/stm32f1xx_hal_gpio.c.obj
LOAD cmake/stm32cubemx/CMakeFiles/STM32_Drivers.dir/__/__/Drivers/STM32F1xx_HAL_Driver/Src/stm32f1xx_hal_dma.c.obj
LOAD cmake/stm32cubemx/CMakeFiles/STM32_Drivers.dir/__/__/Drivers/STM32F1xx_HAL_Driver/Src/stm32f1xx_hal_cortex.c.obj
LOAD cmake/stm32cubemx/CMakeFiles/STM32_Drivers.dir/__/__/Drivers/STM32F1xx_HAL_Driver/Src/stm32f1xx_hal_pwr.c.obj
LOAD cmake/stm32cubemx/CMakeFiles/STM32_Drivers.dir/__/__/Drivers/STM32F1xx_HAL_Driver/Src/stm32f1xx_hal_flash.c.obj
LOAD cmake/stm32cubemx/CMakeFiles/STM32_Drivers.dir/__/__/Drivers/STM32F1xx_HAL_Driver/Src/stm32f1xx_hal_flash_ex.c.obj
LOAD cmake/stm32cubemx/CMakeFiles/STM32_Drivers.dir/__/__/Drivers/STM32F1xx_HAL_Driver/Src/stm32f1xx_hal_exti.c.obj
LOAD cmake/stm32cubemx/CMakeFiles/STM32_Drivers.dir/__/__/Drivers/STM32F1xx_HAL_Driver/Src/stm32f1xx_hal_uart.c.obj
LOAD CMakeFiles/4inch_cubeproject.dir/Src/main.c.obj
LOAD CMakeFiles/4inch_cubeproject.dir/Src/gpio.c.obj
LOAD CMakeFiles/4inch_cubeproject.dir/Src/spi.c.obj
LOAD CMakeFiles/4inch_cubeproject.dir/Src/usart.c.obj
LOAD CMakeFiles/4inch_cubeproject.dir/Src/stm32f1xx_it.c.obj
LOAD CMakeFiles/4inch_cubeproject.dir/Src/stm32f1xx_hal_msp.c.obj
LOAD CMakeFiles/4inch_cubeproject.dir/Src/sysmem.c.obj
LOAD CMakeFiles/4inch_cubeproject.dir/Src/syscalls.c.obj
LOAD CMakeFiles/4inch_cubeproject.dir/startup_stm32f103xb.s.obj
LOAD CMakeFiles/4inch_cubeproject.dir/Src/aht20.c.obj
LOAD CMakeFiles/4inch_cubeproject.dir/Src/bmp280.c.obj
LOAD CMakeFiles/4inch_cubeproject.dir/Src/delay.c.obj
LOAD CMakeFiles/4inch_cubeproject.dir/Src/flash.c.obj
LOAD CMakeFiles/4inch_cubeproject.dir/Src/GUI.c.obj
LOAD CMakeFiles/4inch_cubeproject.dir/Src/humid.c.obj
LOAD CMakeFiles/4inch_cubeproject.dir/Src/lcd.c.obj
LOAD CMakeFiles/4inch_cubeproject.dir/Src/normal.c.obj
LOAD CMakeFiles/4inch_cubeproject.dir/Src/peixiao.c.obj
LOAD CMakeFiles/4inch_cubeproject.dir/Src/QIYA.c.obj
LOAD CMakeFiles/4inch_cubeproject.dir/Src/test.c.obj
LOAD CMakeFiles/4inch_cubeproject.dir/Src/tempreture.c.obj
LOAD CMakeFiles/4inch_cubeproject.dir/Src/touch.c.obj
LOAD F:/st-stm32cubeclt/STM32CubeCLT_1.21.0/GNU-tools-for-STM32/bin/../lib/gcc/arm-none-eabi/14.3.1/../../../../arm-none-eabi/lib/thumb/v7-m/nofp\libm.a
START GROUP
LOAD F:/st-stm32cubeclt/STM32CubeCLT_1.21.0/GNU-tools-for-STM32/bin/../lib/gcc/arm-none-eabi/14.3.1/thumb/v7-m/nofp\libgcc.a
LOAD F:/st-stm32cubeclt/STM32CubeCLT_1.21.0/GNU-tools-for-STM32/bin/../lib/gcc/arm-none-eabi/14.3.1/../../../../arm-none-eabi/lib/thumb/v7-m/nofp\libg_nano.a
LOAD F:/st-stm32cubeclt/STM32CubeCLT_1.21.0/GNU-tools-for-STM32/bin/../lib/gcc/arm-none-eabi/14.3.1/../../../../arm-none-eabi/lib/thumb/v7-m/nofp\libc_nano.a
END GROUP
START GROUP
LOAD F:/st-stm32cubeclt/STM32CubeCLT_1.21.0/GNU-tools-for-STM32/bin/../lib/gcc/arm-none-eabi/14.3.1/thumb/v7-m/nofp\libgcc.a
LOAD F:/st-stm32cubeclt/STM32CubeCLT_1.21.0/GNU-tools-for-STM32/bin/../lib/gcc/arm-none-eabi/14.3.1/../../../../arm-none-eabi/lib/thumb/v7-m/nofp\libc_nano.a
END GROUP
LOAD F:/st-stm32cubeclt/STM32CubeCLT_1.21.0/GNU-tools-for-STM32/bin/../lib/gcc/arm-none-eabi/14.3.1/thumb/v7-m/nofp/crtend.o
LOAD F:/st-stm32cubeclt/STM32CubeCLT_1.21.0/GNU-tools-for-STM32/bin/../lib/gcc/arm-none-eabi/14.3.1/thumb/v7-m/nofp/crtn.o
                0x20005000                        _estack = (ORIGIN (RAM) + LENGTH (RAM))
                0x20004c00                        _sstack = (_estack - _Min_Stack_Size)
                0x00000200                        _Min_Heap_Size = 0x200
                0x00000400                        _Min_Stack_Size = 0x400

.isr_vector     0x08000000      0x10c
                0x08000000                        . = ALIGN (0x4)
 *(.isr_vector)
 .isr_vector    0x08000000      0x10c CMakeFiles/4inch_cubeproject.dir/startup_stm32f103xb.s.obj
                0x08000000                g_pfnVectors
                0x0800010c                        . = ALIGN (0x4)

.text           0x08000110     0x6cd0
                0x08000110                        . = ALIGN (0x4)
 *(.text)
 .text          0x08000110       0x40 F:/st-stm32cubeclt/STM32CubeCLT_1.21.0/GNU-tools-for-STM32/bin/../lib/gcc/arm-none-eabi/14.3.1/thumb/v7-m/nofp/crtbegin.o
 .text          0x08000150      0x378 F:/st-stm32cubeclt/STM32CubeCLT_1.21.0/GNU-tools-for-STM32/bin/../lib/gcc/arm-none-eabi/14.3.1/thumb/v7-m/nofp\libgcc.a(_arm_addsubdf3.o)
                0x08000150                __aeabi_drsub
                0x08000158                __aeabi_dsub
                0x08000158                __subdf3
                0x0800015c                __aeabi_dadd
                0x0800015c                __adddf3
                0x080003d4                __floatunsidf
                0x080003d4                __aeabi_ui2d
                0x080003f4                __floatsidf
                0x080003f4                __aeabi_i2d
                0x08000418                __aeabi_f2d
                0x08000418                __extendsfdf2
                0x0800045c                __floatundidf
                0x0800045c                __aeabi_ul2d
                0x0800046c                __floatdidf
                0x0800046c                __aeabi_l2d
 .text          0x080004c8      0x424 F:/st-stm32cubeclt/STM32CubeCLT_1.21.0/GNU-tools-for-STM32/bin/../lib/gcc/arm-none-eabi/14.3.1/thumb/v7-m/nofp\libgcc.a(_arm_muldivdf3.o)
                0x080004c8                __aeabi_dmul
                0x080004c8                __muldf3
                0x0800071c                __divdf3
                0x0800071c                __aeabi_ddiv
 .text          0x080008ec      0x110 F:/st-stm32cubeclt/STM32CubeCLT_1.21.0/GNU-tools-for-STM32/bin/../lib/gcc/arm-none-eabi/14.3.1/thumb/v7-m/nofp\libgcc.a(_arm_cmpdf2.o)
                0x080008ec                __gtdf2
                0x080008ec                __gedf2
                0x080008f4                __ltdf2
                0x080008f4                __ledf2
                0x080008fc                __nedf2
                0x080008fc                __eqdf2
                0x080008fc                __cmpdf2
                0x08000978                __aeabi_cdrcmple
                0x08000988                __aeabi_cdcmpeq
                0x08000988                __aeabi_cdcmple
                0x08000998                __aeabi_dcmpeq
                0x080009ac                __aeabi_dcmplt
                0x080009c0                __aeabi_dcmple
                0x080009d4                __aeabi_dcmpge
                0x080009e8                __aeabi_dcmpgt
 .text          0x080009fc       0x2c F:/st-stm32cubeclt/STM32CubeCLT_1.21.0/GNU-tools-for-STM32/bin/../lib/gcc/arm-none-eabi/14.3.1/thumb/v7-m/nofp\libgcc.a(_arm_unorddf2.o)
                0x080009fc                __unorddf2
                0x080009fc                __aeabi_dcmpun
 .text          0x08000a28       0x40 F:/st-stm32cubeclt/STM32CubeCLT_1.21.0/GNU-tools-for-STM32/bin/../lib/gcc/arm-none-eabi/14.3.1/thumb/v7-m/nofp\libgcc.a(_arm_fixunsdfsi.o)
                0x08000a28                __aeabi_d2uiz
                0x08000a28                __fixunsdfsi
 .text          0x08000a68      0x21c F:/st-stm32cubeclt/STM32CubeCLT_1.21.0/GNU-tools-for-STM32/bin/../lib/gcc/arm-none-eabi/14.3.1/thumb/v7-m/nofp\libgcc.a(_arm_addsubsf3.o)
                0x08000a68                __aeabi_frsub
                0x08000a70                __subsf3
                0x08000a70                __aeabi_fsub
                0x08000a74                __aeabi_fadd
                0x08000a74                __addsf3
                0x08000bd4                __aeabi_ui2f
                0x08000bd4                __floatunsisf
                0x08000bdc                __aeabi_i2f
                0x08000bdc                __floatsisf
                0x08000bf8                __aeabi_ul2f
                0x08000bf8                __floatundisf
                0x08000c08                __aeabi_l2f
                0x08000c08                __floatdisf
 .text          0x08000c84      0x2a0 F:/st-stm32cubeclt/STM32CubeCLT_1.21.0/GNU-tools-for-STM32/bin/../lib/gcc/arm-none-eabi/14.3.1/thumb/v7-m/nofp\libgcc.a(_arm_muldivsf3.o)
                0x08000c84                __mulsf3
                0x08000c84                __aeabi_fmul
                0x08000dec                __aeabi_fdiv
                0x08000dec                __divsf3
 .text          0x08000f24       0xec F:/st-stm32cubeclt/STM32CubeCLT_1.21.0/GNU-tools-for-STM32/bin/../lib/gcc/arm-none-eabi/14.3.1/thumb/v7-m/nofp\libgcc.a(_arm_cmpsf2.o)
                0x08000f24                __gesf2
                0x08000f24                __gtsf2
                0x08000f2c                __lesf2
                0x08000f2c                __ltsf2
                0x08000f34                __nesf2
                0x08000f34                __eqsf2
                0x08000f34                __cmpsf2
                0x08000f94                __aeabi_cfrcmple
                0x08000f9c                __aeabi_cfcmpeq
                0x08000f9c                __aeabi_cfcmple
                0x08000fac                __aeabi_fcmpeq
                0x08000fc0                __aeabi_fcmplt
                0x08000fd4                __aeabi_fcmple
                0x08000fe8                __aeabi_fcmpge
                0x08000ffc                __aeabi_fcmpgt
 .text          0x08001010       0x4c F:/st-stm32cubeclt/STM32CubeCLT_1.21.0/GNU-tools-for-STM32/bin/../lib/gcc/arm-none-eabi/14.3.1/thumb/v7-m/nofp\libgcc.a(_arm_fixsfsi.o)
                0x08001010                __aeabi_f2iz
                0x08001010                __fixsfsi
 .text          0x0800105c       0x40 F:/st-stm32cubeclt/STM32CubeCLT_1.21.0/GNU-tools-for-STM32/bin/../lib/gcc/arm-none-eabi/14.3.1/thumb/v7-m/nofp\libgcc.a(_arm_fixunssfsi.o)
                0x0800105c                __fixunssfsi
                0x0800105c                __aeabi_f2uiz
 .text          0x0800109c       0xa0 F:/st-stm32cubeclt/STM32CubeCLT_1.21.0/GNU-tools-for-STM32/bin/../lib/gcc/arm-none-eabi/14.3.1/thumb/v7-m/nofp\libgcc.a(_aeabi_ldivmod.o)
                0x0800109c                __aeabi_ldivmod
 .text          0x0800113c      0x2f4 F:/st-stm32cubeclt/STM32CubeCLT_1.21.0/GNU-tools-for-STM32/bin/../lib/gcc/arm-none-eabi/14.3.1/thumb/v7-m/nofp\libgcc.a(_udivmoddi4.o)
                0x0800113c                __udivmoddi4
 .text          0x08001430        0x4 F:/st-stm32cubeclt/STM32CubeCLT_1.21.0/GNU-tools-for-STM32/bin/../lib/gcc/arm-none-eabi/14.3.1/thumb/v7-m/nofp\libgcc.a(_dvmd_tls.o)
                0x08001430                __aeabi_idiv0
                0x08001430                __aeabi_ldiv0
 .text          0x08001434       0x10 F:/st-stm32cubeclt/STM32CubeCLT_1.21.0/GNU-tools-for-STM32/bin/../lib/gcc/arm-none-eabi/14.3.1/../../../../arm-none-eabi/lib/thumb/v7-m/nofp\libg_nano.a(libc_a-strlen.o)
                0x08001434                strlen
 *(.text*)
 .text.SystemInit
                0x08001444        0x2 cmake/stm32cubemx/CMakeFiles/STM32_Drivers.dir/__/__/Src/system_stm32f1xx.c.obj
                0x08001444                SystemInit
 *fill*         0x08001446        0x2 
 .text.SPI_WaitFlagStateUntilTimeout
                0x08001448       0xb8 cmake/stm32cubemx/CMakeFiles/STM32_Drivers.dir/__/__/Drivers/STM32F1xx_HAL_Driver/Src/stm32f1xx_hal_spi.c.obj
 .text.SPI_EndRxTxTransaction
                0x08001500       0x38 cmake/stm32cubemx/CMakeFiles/STM32_Drivers.dir/__/__/Drivers/STM32F1xx_HAL_Driver/Src/stm32f1xx_hal_spi.c.obj
 .text.HAL_SPI_Init
                0x08001538       0xb0 cmake/stm32cubemx/CMakeFiles/STM32_Drivers.dir/__/__/Drivers/STM32F1xx_HAL_Driver/Src/stm32f1xx_hal_spi.c.obj
                0x08001538                HAL_SPI_Init
 .text.HAL_SPI_Transmit
                0x080015e8      0x160 cmake/stm32cubemx/CMakeFiles/STM32_Drivers.dir/__/__/Drivers/STM32F1xx_HAL_Driver/Src/stm32f1xx_hal_spi.c.obj
                0x080015e8                HAL_SPI_Transmit
 .text.HAL_InitTick
                0x08001748       0x48 cmake/stm32cubemx/CMakeFiles/STM32_Drivers.dir/__/__/Drivers/STM32F1xx_HAL_Driver/Src/stm32f1xx_hal.c.obj
                0x08001748                HAL_InitTick
 .text.HAL_Init
                0x08001790       0x24 cmake/stm32cubemx/CMakeFiles/STM32_Drivers.dir/__/__/Drivers/STM32F1xx_HAL_Driver/Src/stm32f1xx_hal.c.obj
                0x08001790                HAL_Init
 .text.HAL_IncTick
                0x080017b4       0x18 cmake/stm32cubemx/CMakeFiles/STM32_Drivers.dir/__/__/Drivers/STM32F1xx_HAL_Driver/Src/stm32f1xx_hal.c.obj
                0x080017b4                HAL_IncTick
 .text.HAL_GetTick
                0x080017cc        0xc cmake/stm32cubemx/CMakeFiles/STM32_Drivers.dir/__/__/Drivers/STM32F1xx_HAL_Driver/Src/stm32f1xx_hal.c.obj
                0x080017cc                HAL_GetTick
 .text.HAL_Delay
                0x080017d8       0x24 cmake/stm32cubemx/CMakeFiles/STM32_Drivers.dir/__/__/Drivers/STM32F1xx_HAL_Driver/Src/stm32f1xx_hal.c.obj
                0x080017d8                HAL_Delay
 .text.HAL_RCC_OscConfig
                0x080017fc      0x338 cmake/stm32cubemx/CMakeFiles/STM32_Drivers.dir/__/__/Drivers/STM32F1xx_HAL_Driver/Src/stm32f1xx_hal_rcc.c.obj
                0x080017fc                HAL_RCC_OscConfig
 .text.HAL_RCC_GetSysClockFreq
                0x08001b34       0x4c cmake/stm32cubemx/CMakeFiles/STM32_Drivers.dir/__/__/Drivers/STM32F1xx_HAL_Driver/Src/stm32f1xx_hal_rcc.c.obj
                0x08001b34                HAL_RCC_GetSysClockFreq
 .text.HAL_RCC_ClockConfig
                0x08001b80      0x138 cmake/stm32cubemx/CMakeFiles/STM32_Drivers.dir/__/__/Drivers/STM32F1xx_HAL_Driver/Src/stm32f1xx_hal_rcc.c.obj
                0x08001b80                HAL_RCC_ClockConfig
 .text.HAL_RCC_GetHCLKFreq
                0x08001cb8        0xc cmake/stm32cubemx/CMakeFiles/STM32_Drivers.dir/__/__/Drivers/STM32F1xx_HAL_Driver/Src/stm32f1xx_hal_rcc.c.obj
                0x08001cb8                HAL_RCC_GetHCLKFreq
 .text.HAL_RCC_GetPCLK1Freq
                0x08001cc4       0x20 cmake/stm32cubemx/CMakeFiles/STM32_Drivers.dir/__/__/Drivers/STM32F1xx_HAL_Driver/Src/stm32f1xx_hal_rcc.c.obj
                0x08001cc4                HAL_RCC_GetPCLK1Freq
 .text.HAL_RCC_GetPCLK2Freq
                0x08001ce4       0x20 cmake/stm32cubemx/CMakeFiles/STM32_Drivers.dir/__/__/Drivers/STM32F1xx_HAL_Driver/Src/stm32f1xx_hal_rcc.c.obj
                0x08001ce4                HAL_RCC_GetPCLK2Freq
 .text.HAL_GPIO_Init
                0x08001d04      0x1a8 cmake/stm32cubemx/CMakeFiles/STM32_Drivers.dir/__/__/Drivers/STM32F1xx_HAL_Driver/Src/stm32f1xx_hal_gpio.c.obj
                0x08001d04                HAL_GPIO_Init
 .text.HAL_GPIO_ReadPin
                0x08001eac        0xc cmake/stm32cubemx/CMakeFiles/STM32_Drivers.dir/__/__/Drivers/STM32F1xx_HAL_Driver/Src/stm32f1xx_hal_gpio.c.obj
                0x08001eac                HAL_GPIO_ReadPin
 .text.HAL_GPIO_WritePin
                0x08001eb8        0xa cmake/stm32cubemx/CMakeFiles/STM32_Drivers.dir/__/__/Drivers/STM32F1xx_HAL_Driver/Src/stm32f1xx_hal_gpio.c.obj
                0x08001eb8                HAL_GPIO_WritePin
 *fill*         0x08001ec2        0x2 
 .text.HAL_NVIC_SetPriorityGrouping
                0x08001ec4       0x24 cmake/stm32cubemx/CMakeFiles/STM32_Drivers.dir/__/__/Drivers/STM32F1xx_HAL_Driver/Src/stm32f1xx_hal_cortex.c.obj
                0x08001ec4                HAL_NVIC_SetPriorityGrouping
 .text.HAL_NVIC_SetPriority
                0x08001ee8       0x60 cmake/stm32cubemx/CMakeFiles/STM32_Drivers.dir/__/__/Drivers/STM32F1xx_HAL_Driver/Src/stm32f1xx_hal_cortex.c.obj
                0x08001ee8                HAL_NVIC_SetPriority
 .text.HAL_SYSTICK_Config
                0x08001f48       0x28 cmake/stm32cubemx/CMakeFiles/STM32_Drivers.dir/__/__/Drivers/STM32F1xx_HAL_Driver/Src/stm32f1xx_hal_cortex.c.obj
                0x08001f48                HAL_SYSTICK_Config
 .text.FLASH_SetErrorCode
                0x08001f70       0x50 cmake/stm32cubemx/CMakeFiles/STM32_Drivers.dir/__/__/Drivers/STM32F1xx_HAL_Driver/Src/stm32f1xx_hal_flash.c.obj
 .text.HAL_FLASH_Unlock
                0x08001fc0       0x24 cmake/stm32cubemx/CMakeFiles/STM32_Drivers.dir/__/__/Drivers/STM32F1xx_HAL_Driver/Src/stm32f1xx_hal_flash.c.obj
                0x08001fc0                HAL_FLASH_Unlock
 .text.HAL_FLASH_Lock
                0x08001fe4       0x14 cmake/stm32cubemx/CMakeFiles/STM32_Drivers.dir/__/__/Drivers/STM32F1xx_HAL_Driver/Src/stm32f1xx_hal_flash.c.obj
                0x08001fe4                HAL_FLASH_Lock
 .text.FLASH_WaitForLastOperation
                0x08001ff8       0x54 cmake/stm32cubemx/CMakeFiles/STM32_Drivers.dir/__/__/Drivers/STM32F1xx_HAL_Driver/Src/stm32f1xx_hal_flash.c.obj
                0x08001ff8                FLASH_WaitForLastOperation
 .text.HAL_FLASH_Program
                0x0800204c       0xa4 cmake/stm32cubemx/CMakeFiles/STM32_Drivers.dir/__/__/Drivers/STM32F1xx_HAL_Driver/Src/stm32f1xx_hal_flash.c.obj
                0x0800204c                HAL_FLASH_Program
 .text.FLASH_PageErase
                0x080020f0       0x24 cmake/stm32cubemx/CMakeFiles/STM32_Drivers.dir/__/__/Drivers/STM32F1xx_HAL_Driver/Src/stm32f1xx_hal_flash_ex.c.obj
                0x080020f0                FLASH_PageErase
 .text.HAL_FLASHEx_Erase
                0x08002114       0xa8 cmake/stm32cubemx/CMakeFiles/STM32_Drivers.dir/__/__/Drivers/STM32F1xx_HAL_Driver/Src/stm32f1xx_hal_flash_ex.c.obj
                0x08002114                HAL_FLASHEx_Erase
 .text.UART_SetConfig
                0x080021bc       0x74 cmake/stm32cubemx/CMakeFiles/STM32_Drivers.dir/__/__/Drivers/STM32F1xx_HAL_Driver/Src/stm32f1xx_hal_uart.c.obj
 .text.HAL_UART_Init
                0x08002230       0x5e cmake/stm32cubemx/CMakeFiles/STM32_Drivers.dir/__/__/Drivers/STM32F1xx_HAL_Driver/Src/stm32f1xx_hal_uart.c.obj
                0x08002230                HAL_UART_Init
 .text.SystemClock_Config
                0x0800228e       0x5e CMakeFiles/4inch_cubeproject.dir/Src/main.c.obj
                0x0800228e                SystemClock_Config
 .text.startup.main
                0x080022ec       0x2c CMakeFiles/4inch_cubeproject.dir/Src/main.c.obj
                0x080022ec                main
 .text.Error_Handler
                0x08002318        0x4 CMakeFiles/4inch_cubeproject.dir/Src/main.c.obj
                0x08002318                Error_Handler
 .text.MX_GPIO_Init
                0x0800231c       0xe8 CMakeFiles/4inch_cubeproject.dir/Src/gpio.c.obj
                0x0800231c                MX_GPIO_Init
 .text.MX_SPI1_Init
                0x08002404       0x48 CMakeFiles/4inch_cubeproject.dir/Src/spi.c.obj
                0x08002404                MX_SPI1_Init
 .text.HAL_SPI_MspInit
                0x0800244c       0x74 CMakeFiles/4inch_cubeproject.dir/Src/spi.c.obj
                0x0800244c                HAL_SPI_MspInit
 .text.MX_USART1_UART_Init
                0x080024c0       0x38 CMakeFiles/4inch_cubeproject.dir/Src/usart.c.obj
                0x080024c0                MX_USART1_UART_Init
 .text.HAL_UART_MspInit
                0x080024f8       0x78 CMakeFiles/4inch_cubeproject.dir/Src/usart.c.obj
                0x080024f8                HAL_UART_MspInit
 .text.NMI_Handler
                0x08002570        0x2 CMakeFiles/4inch_cubeproject.dir/Src/stm32f1xx_it.c.obj
                0x08002570                NMI_Handler
 .text.HardFault_Handler
                0x08002572        0x2 CMakeFiles/4inch_cubeproject.dir/Src/stm32f1xx_it.c.obj
                0x08002572                HardFault_Handler
 .text.MemManage_Handler
                0x08002574        0x2 CMakeFiles/4inch_cubeproject.dir/Src/stm32f1xx_it.c.obj
                0x08002574                MemManage_Handler
 .text.BusFault_Handler
                0x08002576        0x2 CMakeFiles/4inch_cubeproject.dir/Src/stm32f1xx_it.c.obj
                0x08002576                BusFault_Handler
 .text.UsageFault_Handler
                0x08002578        0x2 CMakeFiles/4inch_cubeproject.dir/Src/stm32f1xx_it.c.obj
                0x08002578                UsageFault_Handler
 .text.SVC_Handler
                0x0800257a        0x2 CMakeFiles/4inch_cubeproject.dir/Src/stm32f1xx_it.c.obj
                0x0800257a                SVC_Handler
 .text.DebugMon_Handler
                0x0800257c        0x2 CMakeFiles/4inch_cubeproject.dir/Src/stm32f1xx_it.c.obj
                0x0800257c                DebugMon_Handler
 .text.PendSV_Handler
                0x0800257e        0x2 CMakeFiles/4inch_cubeproject.dir/Src/stm32f1xx_it.c.obj
                0x0800257e                PendSV_Handler
 .text.SysTick_Handler
                0x08002580        0x4 CMakeFiles/4inch_cubeproject.dir/Src/stm32f1xx_it.c.obj
                0x08002580                SysTick_Handler
 .text.HAL_MspInit
                0x08002584       0x44 CMakeFiles/4inch_cubeproject.dir/Src/stm32f1xx_hal_msp.c.obj
                0x08002584                HAL_MspInit
 .text._sbrk    0x080025c8       0x3c CMakeFiles/4inch_cubeproject.dir/Src/sysmem.c.obj
                0x080025c8                _sbrk
 .text.Reset_Handler
                0x08002604       0x48 CMakeFiles/4inch_cubeproject.dir/startup_stm32f103xb.s.obj
                0x08002604                Reset_Handler
 .text.Default_Handler
                0x0800264c        0x2 CMakeFiles/4inch_cubeproject.dir/startup_stm32f103xb.s.obj
                0x0800264c                RTC_Alarm_IRQHandler
                0x0800264c                EXTI2_IRQHandler
                0x0800264c                TIM1_CC_IRQHandler
                0x0800264c                PVD_IRQHandler
                0x0800264c                EXTI3_IRQHandler
                0x0800264c                EXTI0_IRQHandler
                0x0800264c                I2C2_EV_IRQHandler
                0x0800264c                ADC1_2_IRQHandler
                0x0800264c                SPI1_IRQHandler
                0x0800264c                TAMPER_IRQHandler
                0x0800264c                DMA1_Channel4_IRQHandler
                0x0800264c                USART3_IRQHandler
                0x0800264c                RTC_IRQHandler
                0x0800264c                DMA1_Channel7_IRQHandler
                0x0800264c                CAN1_RX1_IRQHandler
                0x0800264c                TIM4_IRQHandler
                0x0800264c                I2C1_EV_IRQHandler
                0x0800264c                DMA1_Channel6_IRQHandler
                0x0800264c                TIM3_IRQHandler
                0x0800264c                RCC_IRQHandler
                0x0800264c                TIM1_TRG_COM_IRQHandler
                0x0800264c                DMA1_Channel1_IRQHandler
                0x0800264c                Default_Handler
                0x0800264c                EXTI15_10_IRQHandler
                0x0800264c                EXTI9_5_IRQHandler
                0x0800264c                SPI2_IRQHandler
                0x0800264c                DMA1_Channel5_IRQHandler
                0x0800264c                EXTI4_IRQHandler
                0x0800264c                USB_LP_CAN1_RX0_IRQHandler
                0x0800264c                USB_HP_CAN1_TX_IRQHandler
                0x0800264c                DMA1_Channel3_IRQHandler
                0x0800264c                TIM1_UP_IRQHandler
                0x0800264c                WWDG_IRQHandler
                0x0800264c                TIM2_IRQHandler
                0x0800264c                TIM1_BRK_IRQHandler
                0x0800264c                EXTI1_IRQHandler
                0x0800264c                USART2_IRQHandler
                0x0800264c                I2C2_ER_IRQHandler
                0x0800264c                DMA1_Channel2_IRQHandler
                0x0800264c                CAN1_SCE_IRQHandler
                0x0800264c                FLASH_IRQHandler
                0x0800264c                USART1_IRQHandler
                0x0800264c                I2C1_ER_IRQHandler
                0x0800264c                USBWakeUp_IRQHandler
 *fill*         0x0800264e        0x2 
 .text.AHT20_Start
                0x08002650       0x64 CMakeFiles/4inch_cubeproject.dir/Src/aht20.c.obj
                0x08002650                AHT20_Start
 .text.AHT20_Stop
                0x080026b4       0x64 CMakeFiles/4inch_cubeproject.dir/Src/aht20.c.obj
                0x080026b4                AHT20_Stop
 .text.AHT20_Wait_Ack
                0x08002718       0x7c CMakeFiles/4inch_cubeproject.dir/Src/aht20.c.obj
                0x08002718                AHT20_Wait_Ack
 .text.AHT20_Ack
                0x08002794       0x64 CMakeFiles/4inch_cubeproject.dir/Src/aht20.c.obj
                0x08002794                AHT20_Ack
 .text.AHT20_NAck
                0x080027f8       0x64 CMakeFiles/4inch_cubeproject.dir/Src/aht20.c.obj
                0x080027f8                AHT20_NAck
 .text.AHT20_Send_Byte
                0x0800285c       0x74 CMakeFiles/4inch_cubeproject.dir/Src/aht20.c.obj
                0x0800285c                AHT20_Send_Byte
 .text.AHT20_Read_Byte
                0x080028d0       0x84 CMakeFiles/4inch_cubeproject.dir/Src/aht20.c.obj
                0x080028d0                AHT20_Read_Byte
 .text.AHT20_Init
                0x08002954       0xe8 CMakeFiles/4inch_cubeproject.dir/Src/aht20.c.obj
                0x08002954                AHT20_Init
 .text.AHT20_GetData
                0x08002a3c      0x120 CMakeFiles/4inch_cubeproject.dir/Src/aht20.c.obj
                0x08002a3c                AHT20_GetData
 .text.BMP280_WriteReg
                0x08002b5c       0x30 CMakeFiles/4inch_cubeproject.dir/Src/bmp280.c.obj
 .text.BMP280_Init
                0x08002b8c      0x138 CMakeFiles/4inch_cubeproject.dir/Src/bmp280.c.obj
                0x08002b8c                BMP280_Init
 .text.BMP280_GetPressure
                0x08002cc4      0x248 CMakeFiles/4inch_cubeproject.dir/Src/bmp280.c.obj
                0x08002cc4                BMP280_GetPressure
 .text.delay_ms
                0x08002f0c        0x4 CMakeFiles/4inch_cubeproject.dir/Src/delay.c.obj
                0x08002f0c                delay_ms
 .text.delay_us
                0x08002f10       0x24 CMakeFiles/4inch_cubeproject.dir/Src/delay.c.obj
                0x08002f10                delay_us
 .text.FLASH_Write_NoCheck
                0x08002f34       0x22 CMakeFiles/4inch_cubeproject.dir/Src/flash.c.obj
 .text.FLASH_Read
                0x08002f56       0x14 CMakeFiles/4inch_cubeproject.dir/Src/flash.c.obj
                0x08002f56                FLASH_Read
 *fill*         0x08002f6a        0x2 
 .text.FLASH_Write
                0x08002f6c       0xd4 CMakeFiles/4inch_cubeproject.dir/Src/flash.c.obj
                0x08002f6c                FLASH_Write
 .text.GUI_DrawPoint
                0x08003040       0x12 CMakeFiles/4inch_cubeproject.dir/Src/GUI.c.obj
                0x08003040                GUI_DrawPoint
 *fill*         0x08003052        0x2 
 .text.LCD_Fill
                0x08003054       0x5c CMakeFiles/4inch_cubeproject.dir/Src/GUI.c.obj
                0x08003054                LCD_Fill
 .text.LCD_DrawLine
                0x080030b0       0x94 CMakeFiles/4inch_cubeproject.dir/Src/GUI.c.obj
                0x080030b0                LCD_DrawLine
 .text.LCD_DrawRectangle
                0x08003144       0x3a CMakeFiles/4inch_cubeproject.dir/Src/GUI.c.obj
                0x08003144                LCD_DrawRectangle
 .text._draw_circle_8
                0x0800317e       0xa0 CMakeFiles/4inch_cubeproject.dir/Src/GUI.c.obj
                0x0800317e                _draw_circle_8
 .text.gui_circle
                0x0800321e       0x8e CMakeFiles/4inch_cubeproject.dir/Src/GUI.c.obj
                0x0800321e                gui_circle
 .text.LCD_ShowChar
                0x080032ac      0x110 CMakeFiles/4inch_cubeproject.dir/Src/GUI.c.obj
                0x080032ac                LCD_ShowChar
 .text.LCD_ShowString
                0x080033bc       0x60 CMakeFiles/4inch_cubeproject.dir/Src/GUI.c.obj
                0x080033bc                LCD_ShowString
 .text.LCD_ShowNum
                0x0800341c      0x10c CMakeFiles/4inch_cubeproject.dir/Src/GUI.c.obj
                0x0800341c                LCD_ShowNum
 .text.GUI_DrawFont16
                0x08003528       0xd8 CMakeFiles/4inch_cubeproject.dir/Src/GUI.c.obj
                0x08003528                GUI_DrawFont16
 .text.GUI_DrawFont24
                0x08003600       0xd8 CMakeFiles/4inch_cubeproject.dir/Src/GUI.c.obj
                0x08003600                GUI_DrawFont24
 .text.GUI_DrawFont32
                0x080036d8       0xd8 CMakeFiles/4inch_cubeproject.dir/Src/GUI.c.obj
                0x080036d8                GUI_DrawFont32
 .text.Show_Str
                0x080037b0       0xf0 CMakeFiles/4inch_cubeproject.dir/Src/GUI.c.obj
                0x080037b0                Show_Str
 .text.Gui_StrCenter
                0x080038a0       0x48 CMakeFiles/4inch_cubeproject.dir/Src/GUI.c.obj
                0x080038a0                Gui_StrCenter
 .text.Gui_Drawbmp16_Custom
                0x080038e8       0x58 CMakeFiles/4inch_cubeproject.dir/Src/GUI.c.obj
                0x080038e8                Gui_Drawbmp16_Custom
 .text.LCD_WR_REG
                0x08003940       0x40 CMakeFiles/4inch_cubeproject.dir/Src/lcd.c.obj
                0x08003940                LCD_WR_REG
 .text.LCD_WR_DATA
                0x08003980       0x40 CMakeFiles/4inch_cubeproject.dir/Src/lcd.c.obj
                0x08003980                LCD_WR_DATA
 .text.LCD_WriteReg
                0x080039c0       0x12 CMakeFiles/4inch_cubeproject.dir/Src/lcd.c.obj
                0x080039c0                LCD_WriteReg
 *fill*         0x080039d2        0x2 
 .text.LCD_WriteRAM_Prepare
                0x080039d4        0xc CMakeFiles/4inch_cubeproject.dir/Src/lcd.c.obj
                0x080039d4                LCD_WriteRAM_Prepare
 .text.Lcd_WriteData_16Bit
                0x080039e0       0x40 CMakeFiles/4inch_cubeproject.dir/Src/lcd.c.obj
                0x080039e0                Lcd_WriteData_16Bit
 .text.LCD_RESET
                0x08003a20       0x30 CMakeFiles/4inch_cubeproject.dir/Src/lcd.c.obj
                0x08003a20                LCD_RESET
 .text.LCD_SetWindows
                0x08003a50       0x5c CMakeFiles/4inch_cubeproject.dir/Src/lcd.c.obj
                0x08003a50                LCD_SetWindows
 .text.LCD_Clear
                0x08003aac       0x64 CMakeFiles/4inch_cubeproject.dir/Src/lcd.c.obj
                0x08003aac                LCD_Clear
 .text.LCD_SetCursor
                0x08003b10        0x8 CMakeFiles/4inch_cubeproject.dir/Src/lcd.c.obj
                0x08003b10                LCD_SetCursor
 .text.LCD_DrawPoint
                0x08003b18       0x18 CMakeFiles/4inch_cubeproject.dir/Src/lcd.c.obj
                0x08003b18                LCD_DrawPoint
 .text.LCD_direction
                0x08003b30       0x64 CMakeFiles/4inch_cubeproject.dir/Src/lcd.c.obj
                0x08003b30                LCD_direction
 .text.LCD_Init
                0x08003b94      0x208 CMakeFiles/4inch_cubeproject.dir/Src/lcd.c.obj
                0x08003b94                LCD_Init
 .text.ApplyTempThreshold
                0x08003d9c       0x44 CMakeFiles/4inch_cubeproject.dir/Src/test.c.obj
 .text.ApplyHumThreshold
                0x08003de0       0x44 CMakeFiles/4inch_cubeproject.dir/Src/test.c.obj
 .text.ApplyPressThreshold
                0x08003e24       0x44 CMakeFiles/4inch_cubeproject.dir/Src/test.c.obj
 .text.DrawHumidityDynamic
                0x08003e68      0x1a0 CMakeFiles/4inch_cubeproject.dir/Src/test.c.obj
 .text.DrawPressureDynamic
                0x08004008      0x1a0 CMakeFiles/4inch_cubeproject.dir/Src/test.c.obj
 .text.DrawHomeDynamic
                0x080041a8      0x204 CMakeFiles/4inch_cubeproject.dir/Src/test.c.obj
 .text.DrawTempDynamic
                0x080043ac      0x1bc CMakeFiles/4inch_cubeproject.dir/Src/test.c.obj
 .text.DrawWaveFrame
                0x08004568       0x8c CMakeFiles/4inch_cubeproject.dir/Src/test.c.obj
 .text.ExitEditAndApply
                0x080045f4       0x40 CMakeFiles/4inch_cubeproject.dir/Src/test.c.obj
 .text.DrawWaveSeries.constprop.0
                0x08004634      0x140 CMakeFiles/4inch_cubeproject.dir/Src/test.c.obj
 .text.DrawWaveDynamic
                0x08004774      0x144 CMakeFiles/4inch_cubeproject.dir/Src/test.c.obj
 .text.PushWaveSample
                0x080048b8       0xb4 CMakeFiles/4inch_cubeproject.dir/Src/test.c.obj
 .text.LED_Init
                0x0800496c       0x10 CMakeFiles/4inch_cubeproject.dir/Src/test.c.obj
                0x0800496c                LED_Init
 .text.LED_Control
                0x0800497c       0x30 CMakeFiles/4inch_cubeproject.dir/Src/test.c.obj
                0x0800497c                LED_Control
 .text.KEY_Scan
                0x080049ac      0x114 CMakeFiles/4inch_cubeproject.dir/Src/test.c.obj
                0x080049ac                KEY_Scan
 .text.DrawTitleBar
                0x08004ac0       0x48 CMakeFiles/4inch_cubeproject.dir/Src/test.c.obj
                0x08004ac0                DrawTitleBar
 .text.DrawNavBar
                0x08004b08       0xf8 CMakeFiles/4inch_cubeproject.dir/Src/test.c.obj
                0x08004b08                DrawNavBar
 .text.DrawPage_Home
                0x08004c00      0x110 CMakeFiles/4inch_cubeproject.dir/Src/test.c.obj
                0x08004c00                DrawPage_Home
 .text.DrawPage_Temp
                0x08004d10       0x68 CMakeFiles/4inch_cubeproject.dir/Src/test.c.obj
                0x08004d10                DrawPage_Temp
 .text.DrawPage_Humidity
                0x08004d78       0x68 CMakeFiles/4inch_cubeproject.dir/Src/test.c.obj
                0x08004d78                DrawPage_Humidity
 .text.DrawPage_Pressure
                0x08004de0       0x68 CMakeFiles/4inch_cubeproject.dir/Src/test.c.obj
                0x08004de0                DrawPage_Pressure
 .text.DrawPage_Wave
                0x08004e48       0x20 CMakeFiles/4inch_cubeproject.dir/Src/test.c.obj
                0x08004e48                DrawPage_Wave
 .text.SwitchPage
                0x08004e68       0x20 CMakeFiles/4inch_cubeproject.dir/Src/test.c.obj
                0x08004e68                SwitchPage
 .text.HandleKey
                0x08004e88      0x1f0 CMakeFiles/4inch_cubeproject.dir/Src/test.c.obj
                0x08004e88                HandleKey
 .text.RefreshPage
                0x08005078       0x7c CMakeFiles/4inch_cubeproject.dir/Src/test.c.obj
                0x08005078                RefreshPage
 .text.HandleNavTouch
                0x080050f4       0x28 CMakeFiles/4inch_cubeproject.dir/Src/test.c.obj
                0x080050f4                HandleNavTouch
 .text.HandleTouch
                0x0800511c      0x1a0 CMakeFiles/4inch_cubeproject.dir/Src/test.c.obj
                0x0800511c                HandleTouch
 .text.UpdateSensorData
                0x080052bc      0x134 CMakeFiles/4inch_cubeproject.dir/Src/test.c.obj
                0x080052bc                UpdateSensorData
 .text.main_test
                0x080053f0       0x9c CMakeFiles/4inch_cubeproject.dir/Src/test.c.obj
                0x080053f0                main_test
 .text.TP_DIN_Write
                0x0800548c       0x10 CMakeFiles/4inch_cubeproject.dir/Src/touch.c.obj
 .text.TP_CLK_Write
                0x0800549c       0x10 CMakeFiles/4inch_cubeproject.dir/Src/touch.c.obj
 .text.TP_Write_Byte
                0x080054ac       0x48 CMakeFiles/4inch_cubeproject.dir/Src/touch.c.obj
                0x080054ac                TP_Write_Byte
 .text.TP_Read_AD
                0x080054f4       0x84 CMakeFiles/4inch_cubeproject.dir/Src/touch.c.obj
                0x080054f4                TP_Read_AD
 .text.TP_Read_XOY
                0x08005578       0x68 CMakeFiles/4inch_cubeproject.dir/Src/touch.c.obj
                0x08005578                TP_Read_XOY
 .text.TP_Read_XY
                0x080055e0       0x28 CMakeFiles/4inch_cubeproject.dir/Src/touch.c.obj
                0x080055e0                TP_Read_XY
 .text.TP_Read_XY2
                0x08005608       0x70 CMakeFiles/4inch_cubeproject.dir/Src/touch.c.obj
                0x08005608                TP_Read_XY2
 .text.TP_Scan  0x08005678       0xb8 CMakeFiles/4inch_cubeproject.dir/Src/touch.c.obj
                0x08005678                TP_Scan
 .text.TP_Drow_Touch_Point
                0x08005730       0x84 CMakeFiles/4inch_cubeproject.dir/Src/touch.c.obj
                0x08005730                TP_Drow_Touch_Point
 .text.TP_Save_Adjdata
                0x080057b4       0x9c CMakeFiles/4inch_cubeproject.dir/Src/touch.c.obj
                0x080057b4                TP_Save_Adjdata
 .text.TP_Get_Adjdata
                0x08005850      0x13c CMakeFiles/4inch_cubeproject.dir/Src/touch.c.obj
                0x08005850                TP_Get_Adjdata
 .text.TP_Adj_Info_Show
                0x0800598c      0x228 CMakeFiles/4inch_cubeproject.dir/Src/touch.c.obj
                0x0800598c                TP_Adj_Info_Show
 *fill*         0x08005bb4        0x4 
 .text.TP_Adjust
                0x08005bb8      0x594 CMakeFiles/4inch_cubeproject.dir/Src/touch.c.obj
                0x08005bb8                TP_Adjust
 .text.TP_Init  0x0800614c       0xe0 CMakeFiles/4inch_cubeproject.dir/Src/touch.c.obj
                0x0800614c                TP_Init
 .text.sqrt     0x0800622c       0x50 F:/st-stm32cubeclt/STM32CubeCLT_1.21.0/GNU-tools-for-STM32/bin/../lib/gcc/arm-none-eabi/14.3.1/../../../../arm-none-eabi/lib/thumb/v7-m/nofp\libm.a(libm_a-w_sqrt.o)
                0x0800622c                sqrt
 .text.__ieee754_sqrt
                0x0800627c      0x1dc F:/st-stm32cubeclt/STM32CubeCLT_1.21.0/GNU-tools-for-STM32/bin/../lib/gcc/arm-none-eabi/14.3.1/../../../../arm-none-eabi/lib/thumb/v7-m/nofp\libm.a(libm_a-e_sqrt.o)
                0x0800627c                __ieee754_sqrt
 .text.sprintf  0x08006458       0x44 F:/st-stm32cubeclt/STM32CubeCLT_1.21.0/GNU-tools-for-STM32/bin/../lib/gcc/arm-none-eabi/14.3.1/../../../../arm-none-eabi/lib/thumb/v7-m/nofp\libg_nano.a(libc_a-sprintf.o)
                0x08006458                siprintf
                0x08006458                sprintf
 .text.memset   0x0800649c       0x10 F:/st-stm32cubeclt/STM32CubeCLT_1.21.0/GNU-tools-for-STM32/bin/../lib/gcc/arm-none-eabi/14.3.1/../../../../arm-none-eabi/lib/thumb/v7-m/nofp\libg_nano.a(libc_a-memset.o)
                0x0800649c                memset
 .text.__errno  0x080064ac        0xc F:/st-stm32cubeclt/STM32CubeCLT_1.21.0/GNU-tools-for-STM32/bin/../lib/gcc/arm-none-eabi/14.3.1/../../../../arm-none-eabi/lib/thumb/v7-m/nofp\libg_nano.a(libc_a-errno.o)
                0x080064ac                __errno
 .text.__libc_init_array
                0x080064b8       0x48 F:/st-stm32cubeclt/STM32CubeCLT_1.21.0/GNU-tools-for-STM32/bin/../lib/gcc/arm-none-eabi/14.3.1/../../../../arm-none-eabi/lib/thumb/v7-m/nofp\libg_nano.a(libc_a-init.o)
                0x080064b8                __libc_init_array
 .text.__retarget_lock_acquire_recursive
                0x08006500        0x2 F:/st-stm32cubeclt/STM32CubeCLT_1.21.0/GNU-tools-for-STM32/bin/../lib/gcc/arm-none-eabi/14.3.1/../../../../arm-none-eabi/lib/thumb/v7-m/nofp\libg_nano.a(libc_a-lock.o)
                0x08006500                __retarget_lock_acquire_recursive
 .text.__retarget_lock_release_recursive
                0x08006502        0x2 F:/st-stm32cubeclt/STM32CubeCLT_1.21.0/GNU-tools-for-STM32/bin/../lib/gcc/arm-none-eabi/14.3.1/../../../../arm-none-eabi/lib/thumb/v7-m/nofp\libg_nano.a(libc_a-lock.o)
                0x08006502                __retarget_lock_release_recursive
 .text._free_r  0x08006504       0x90 F:/st-stm32cubeclt/STM32CubeCLT_1.21.0/GNU-tools-for-STM32/bin/../lib/gcc/arm-none-eabi/14.3.1/../../../../arm-none-eabi/lib/thumb/v7-m/nofp\libg_nano.a(libc_a-freer.o)
                0x08006504                _free_r
 .text.sbrk_aligned
                0x08006594       0x44 F:/st-stm32cubeclt/STM32CubeCLT_1.21.0/GNU-tools-for-STM32/bin/../lib/gcc/arm-none-eabi/14.3.1/../../../../arm-none-eabi/lib/thumb/v7-m/nofp\libg_nano.a(libc_a-mallocr.o)
 .text._malloc_r
                0x080065d8      0x100 F:/st-stm32cubeclt/STM32CubeCLT_1.21.0/GNU-tools-for-STM32/bin/../lib/gcc/arm-none-eabi/14.3.1/../../../../arm-none-eabi/lib/thumb/v7-m/nofp\libg_nano.a(libc_a-mallocr.o)
                0x080065d8                _malloc_r
 .text.__malloc_lock
                0x080066d8        0xc F:/st-stm32cubeclt/STM32CubeCLT_1.21.0/GNU-tools-for-STM32/bin/../lib/gcc/arm-none-eabi/14.3.1/../../../../arm-none-eabi/lib/thumb/v7-m/nofp\libg_nano.a(libc_a-mlock.o)
                0x080066d8                __malloc_lock
 .text.__malloc_unlock
                0x080066e4        0xc F:/st-stm32cubeclt/STM32CubeCLT_1.21.0/GNU-tools-for-STM32/bin/../lib/gcc/arm-none-eabi/14.3.1/../../../../arm-none-eabi/lib/thumb/v7-m/nofp\libg_nano.a(libc_a-mlock.o)
                0x080066e4                __malloc_unlock
 .text.__ssputs_r
                0x080066f0       0xc0 F:/st-stm32cubeclt/STM32CubeCLT_1.21.0/GNU-tools-for-STM32/bin/../lib/gcc/arm-none-eabi/14.3.1/../../../../arm-none-eabi/lib/thumb/v7-m/nofp\libg_nano.a(libc_a-nano-svfprintf.o)
                0x080066f0                __ssputs_r
 .text._svfprintf_r
                0x080067b0      0x1f0 F:/st-stm32cubeclt/STM32CubeCLT_1.21.0/GNU-tools-for-STM32/bin/../lib/gcc/arm-none-eabi/14.3.1/../../../../arm-none-eabi/lib/thumb/v7-m/nofp\libg_nano.a(libc_a-nano-svfprintf.o)
                0x080067b0                _svfiprintf_r
                0x080067b0                _svfprintf_r
 .text._printf_common
                0x080069a0       0xe4 F:/st-stm32cubeclt/STM32CubeCLT_1.21.0/GNU-tools-for-STM32/bin/../lib/gcc/arm-none-eabi/14.3.1/../../../../arm-none-eabi/lib/thumb/v7-m/nofp\libg_nano.a(libc_a-nano-vfprintf_i.o)
                0x080069a0                _printf_common
 .text._printf_i
                0x08006a84      0x24c F:/st-stm32cubeclt/STM32CubeCLT_1.21.0/GNU-tools-for-STM32/bin/../lib/gcc/arm-none-eabi/14.3.1/../../../../arm-none-eabi/lib/thumb/v7-m/nofp\libg_nano.a(libc_a-nano-vfprintf_i.o)
                0x08006a84                _printf_i
 .text.memmove  0x08006cd0       0x32 F:/st-stm32cubeclt/STM32CubeCLT_1.21.0/GNU-tools-for-STM32/bin/../lib/gcc/arm-none-eabi/14.3.1/../../../../arm-none-eabi/lib/thumb/v7-m/nofp\libg_nano.a(libc_a-memmove.o)
                0x08006cd0                memmove
 *fill*         0x08006d02        0x2 
 .text._sbrk_r  0x08006d04       0x20 F:/st-stm32cubeclt/STM32CubeCLT_1.21.0/GNU-tools-for-STM32/bin/../lib/gcc/arm-none-eabi/14.3.1/../../../../arm-none-eabi/lib/thumb/v7-m/nofp\libg_nano.a(libc_a-sbrkr.o)
                0x08006d04                _sbrk_r
 .text.memchr   0x08006d24       0x1c F:/st-stm32cubeclt/STM32CubeCLT_1.21.0/GNU-tools-for-STM32/bin/../lib/gcc/arm-none-eabi/14.3.1/../../../../arm-none-eabi/lib/thumb/v7-m/nofp\libg_nano.a(libc_a-memchr-stub.o)
                0x08006d24                memchr
 .text.memcpy   0x08006d40       0x1c F:/st-stm32cubeclt/STM32CubeCLT_1.21.0/GNU-tools-for-STM32/bin/../lib/gcc/arm-none-eabi/14.3.1/../../../../arm-none-eabi/lib/thumb/v7-m/nofp\libg_nano.a(libc_a-memcpy-stub.o)
                0x08006d40                memcpy
 .text._realloc_r
                0x08006d5c       0x5c F:/st-stm32cubeclt/STM32CubeCLT_1.21.0/GNU-tools-for-STM32/bin/../lib/gcc/arm-none-eabi/14.3.1/../../../../arm-none-eabi/lib/thumb/v7-m/nofp\libg_nano.a(libc_a-reallocr.o)
                0x08006d5c                _realloc_r
 .text._malloc_usable_size_r
                0x08006db8       0x10 F:/st-stm32cubeclt/STM32CubeCLT_1.21.0/GNU-tools-for-STM32/bin/../lib/gcc/arm-none-eabi/14.3.1/../../../../arm-none-eabi/lib/thumb/v7-m/nofp\libg_nano.a(libc_a-msizer.o)
                0x08006db8                _malloc_usable_size_r
 *(.glue_7)
 .glue_7        0x08006dc8        0x0 linker stubs
 *(.glue_7t)
 .glue_7t       0x08006dc8        0x0 linker stubs
 *(.eh_frame)
 .eh_frame      0x08006dc8        0x0 F:/st-stm32cubeclt/STM32CubeCLT_1.21.0/GNU-tools-for-STM32/bin/../lib/gcc/arm-none-eabi/14.3.1/thumb/v7-m/nofp/crtbegin.o
 *(.init)
 .init          0x08006dc8        0x4 F:/st-stm32cubeclt/STM32CubeCLT_1.21.0/GNU-tools-for-STM32/bin/../lib/gcc/arm-none-eabi/14.3.1/thumb/v7-m/nofp/crti.o
                0x08006dc8                _init
 .init          0x08006dcc        0x8 F:/st-stm32cubeclt/STM32CubeCLT_1.21.0/GNU-tools-for-STM32/bin/../lib/gcc/arm-none-eabi/14.3.1/thumb/v7-m/nofp/crtn.o
 *(.fini)
 .fini          0x08006dd4        0x4 F:/st-stm32cubeclt/STM32CubeCLT_1.21.0/GNU-tools-for-STM32/bin/../lib/gcc/arm-none-eabi/14.3.1/thumb/v7-m/nofp/crti.o
                0x08006dd4                _fini
 .fini          0x08006dd8        0x8 F:/st-stm32cubeclt/STM32CubeCLT_1.21.0/GNU-tools-for-STM32/bin/../lib/gcc/arm-none-eabi/14.3.1/thumb/v7-m/nofp/crtn.o
                0x08006de0                        . = ALIGN (0x4)
                0x08006de0                        _etext = .

.vfp11_veneer   0x08006de0        0x0
 .vfp11_veneer  0x08006de0        0x0 linker stubs

.v4_bx          0x08006de0        0x0
 .v4_bx         0x08006de0        0x0 linker stubs

.iplt           0x08006de0        0x0
 .iplt          0x08006de0        0x0 F:/st-stm32cubeclt/STM32CubeCLT_1.21.0/GNU-tools-for-STM32/bin/../lib/gcc/arm-none-eabi/14.3.1/thumb/v7-m/nofp/crtbegin.o

.rodata         0x08006de0     0x7fc0
                0x08006de0                        . = ALIGN (0x4)
 *(.rodata)
 .rodata        0x08006de0       0x20 CMakeFiles/4inch_cubeproject.dir/Src/test.c.obj
 *(.rodata*)
 .rodata.APBPrescTable
                0x08006e00        0x8 cmake/stm32cubemx/CMakeFiles/STM32_Drivers.dir/__/__/Src/system_stm32f1xx.c.obj
                0x08006e00                APBPrescTable
 .rodata.AHBPrescTable
                0x08006e08       0x10 cmake/stm32cubemx/CMakeFiles/STM32_Drivers.dir/__/__/Src/system_stm32f1xx.c.obj
                0x08006e08                AHBPrescTable
 .rodata.aPredivFactorTable.0
                0x08006e18        0x2 cmake/stm32cubemx/CMakeFiles/STM32_Drivers.dir/__/__/Drivers/STM32F1xx_HAL_Driver/Src/stm32f1xx_hal_rcc.c.obj
 .rodata.aPLLMULFactorTable.1
                0x08006e1a       0x10 cmake/stm32cubemx/CMakeFiles/STM32_Drivers.dir/__/__/Drivers/STM32F1xx_HAL_Driver/Src/stm32f1xx_hal_rcc.c.obj
 .rodata.tfont32
                0x08006e2a      0x208 CMakeFiles/4inch_cubeproject.dir/Src/GUI.c.obj
                0x08006e2a                tfont32
 .rodata.tfont24
                0x08007032      0x206 CMakeFiles/4inch_cubeproject.dir/Src/GUI.c.obj
                0x08007032                tfont24
 .rodata.tfont16
                0x08007238      0x83c CMakeFiles/4inch_cubeproject.dir/Src/GUI.c.obj
                0x08007238                tfont16
 .rodata.asc2_1608
                0x08007a74      0x5f0 CMakeFiles/4inch_cubeproject.dir/Src/GUI.c.obj
                0x08007a74                asc2_1608
 .rodata.asc2_1206
                0x08008064      0x474 CMakeFiles/4inch_cubeproject.dir/Src/GUI.c.obj
                0x08008064                asc2_1206
 .rodata.gImage_high_humidity
                0x080084d8     0x1200 CMakeFiles/4inch_cubeproject.dir/Src/humid.c.obj
                0x080084d8                gImage_high_humidity
 .rodata.gImage_normal
                0x080096d8     0x1200 CMakeFiles/4inch_cubeproject.dir/Src/normal.c.obj
                0x080096d8                gImage_normal
 .rodata.gImage_peixiao
                0x0800a8d8     0x1ea0 CMakeFiles/4inch_cubeproject.dir/Src/peixiao.c.obj
                0x0800a8d8                gImage_peixiao
 .rodata.gImage_highQIYA
                0x0800c778     0x11a0 CMakeFiles/4inch_cubeproject.dir/Src/QIYA.c.obj
                0x0800c778                gImage_highQIYA
 .rodata.DrawHumidityDynamic.str1.1
                0x0800d918      0x276 CMakeFiles/4inch_cubeproject.dir/Src/test.c.obj
                                 0x29 (size before relaxing)
 .rodata.DrawPressureDynamic.str1.1
                0x0800db8e       0x2d CMakeFiles/4inch_cubeproject.dir/Src/test.c.obj
 .rodata.DrawHomeDynamic.str1.1
                0x0800db8e       0x17 CMakeFiles/4inch_cubeproject.dir/Src/test.c.obj
 .rodata.DrawTempDynamic.str1.1
                0x0800db8e       0x1e CMakeFiles/4inch_cubeproject.dir/Src/test.c.obj
 .rodata.DrawWaveDynamic.str1.1
                0x0800db8e       0x44 CMakeFiles/4inch_cubeproject.dir/Src/test.c.obj
 .rodata.DrawPage_Home.str1.1
                0x0800db8e       0x83 CMakeFiles/4inch_cubeproject.dir/Src/test.c.obj
 .rodata.DrawPage_Temp.str1.1
                0x0800db8e       0x2f CMakeFiles/4inch_cubeproject.dir/Src/test.c.obj
 .rodata.DrawPage_Humidity.str1.1
                0x0800db8e        0x9 CMakeFiles/4inch_cubeproject.dir/Src/test.c.obj
 .rodata.DrawPage_Pressure.str1.1
                0x0800db8e        0x9 CMakeFiles/4inch_cubeproject.dir/Src/test.c.obj
 .rodata.DrawPage_Wave.str1.1
                0x0800db8e        0xd CMakeFiles/4inch_cubeproject.dir/Src/test.c.obj
 .rodata.str1.1
                0x0800db8e        0xa CMakeFiles/4inch_cubeproject.dir/Src/test.c.obj
 .rodata.gImage_high_temp
                0x0800db8e     0x1200 CMakeFiles/4inch_cubeproject.dir/Src/tempreture.c.obj
                0x0800db8e                gImage_high_temp
 .rodata.TP_Adj_Info_Show.str1.1
                0x0800ed8e       0x28 CMakeFiles/4inch_cubeproject.dir/Src/touch.c.obj
 .rodata.TP_Adjust.str1.1
                0x0800ed8e       0xa4 CMakeFiles/4inch_cubeproject.dir/Src/touch.c.obj
 *fill*         0x0800ed8e        0x2 
 .rodata.tiny   0x0800ed90        0x8 F:/st-stm32cubeclt/STM32CubeCLT_1.21.0/GNU-tools-for-STM32/bin/../lib/gcc/arm-none-eabi/14.3.1/../../../../arm-none-eabi/lib/thumb/v7-m/nofp\libm.a(libm_a-e_sqrt.o)
 .rodata.one    0x0800ed98        0x8 F:/st-stm32cubeclt/STM32CubeCLT_1.21.0/GNU-tools-for-STM32/bin/../lib/gcc/arm-none-eabi/14.3.1/../../../../arm-none-eabi/lib/thumb/v7-m/nofp\libm.a(libm_a-e_sqrt.o)
 .rodata._svfprintf_r.str1.1
                0x0800eda0       0x11 F:/st-stm32cubeclt/STM32CubeCLT_1.21.0/GNU-tools-for-STM32/bin/../lib/gcc/arm-none-eabi/14.3.1/../../../../arm-none-eabi/lib/thumb/v7-m/nofp\libg_nano.a(libc_a-nano-svfprintf.o)
 .rodata._printf_i.str1.1
                0x0800eda0       0x22 F:/st-stm32cubeclt/STM32CubeCLT_1.21.0/GNU-tools-for-STM32/bin/../lib/gcc/arm-none-eabi/14.3.1/../../../../arm-none-eabi/lib/thumb/v7-m/nofp\libg_nano.a(libc_a-nano-vfprintf_i.o)
                0x0800edc4                        . = ALIGN (0x4)

.ARM.extab      0x0800eda0        0x0
                0x0800eda0                        . = ALIGN (0x4)
 *(.ARM.extab* .gnu.linkonce.armextab.*)
                0x0800eda0                        . = ALIGN (0x4)

.ARM            0x0800eda0        0x8
                0x0800eda0                        . = ALIGN (0x4)
                0x0800eda0                        __exidx_start = .
 *(.ARM.exidx*)
 .ARM.exidx     0x0800eda0        0x8 F:/st-stm32cubeclt/STM32CubeCLT_1.21.0/GNU-tools-for-STM32/bin/../lib/gcc/arm-none-eabi/14.3.1/thumb/v7-m/nofp\libgcc.a(_udivmoddi4.o)
 .ARM.exidx     0x0800eda8        0x0 F:/st-stm32cubeclt/STM32CubeCLT_1.21.0/GNU-tools-for-STM32/bin/../lib/gcc/arm-none-eabi/14.3.1/../../../../arm-none-eabi/lib/thumb/v7-m/nofp\libg_nano.a(libc_a-strlen.o)
                                  0x8 (size before relaxing)
                0x0800eda8                        __exidx_end = .
                0x0800eda8                        . = ALIGN (0x4)

.preinit_array  0x0800eda8        0x0
                0x0800eda8                        . = ALIGN (0x4)
                0x0800eda8                        PROVIDE (__preinit_array_start = .)
 *(.preinit_array*)
                0x0800eda8                        PROVIDE (__preinit_array_end = .)
                0x0800eda8                        . = ALIGN (0x4)

.init_array     0x0800eda8        0x4
                0x0800eda8                        . = ALIGN (0x4)
                0x0800eda8                        PROVIDE (__init_array_start = .)
 *(SORT_BY_NAME(.init_array.*))
 *(.init_array*)
 .init_array    0x0800eda8        0x4 F:/st-stm32cubeclt/STM32CubeCLT_1.21.0/GNU-tools-for-STM32/bin/../lib/gcc/arm-none-eabi/14.3.1/thumb/v7-m/nofp/crtbegin.o
                0x0800edac                        PROVIDE (__init_array_end = .)
                0x0800edac                        . = ALIGN (0x4)

.fini_array     0x0800edac        0x4
                0x0800edac                        . = ALIGN (0x4)
                [!provide]                        PROVIDE (__fini_array_start = .)
 *(SORT_BY_NAME(.fini_array.*))
 *(.fini_array*)
 .fini_array    0x0800edac        0x4 F:/st-stm32cubeclt/STM32CubeCLT_1.21.0/GNU-tools-for-STM32/bin/../lib/gcc/arm-none-eabi/14.3.1/thumb/v7-m/nofp/crtbegin.o
                [!provide]                        PROVIDE (__fini_array_end = .)
                0x0800edb0                        . = ALIGN (0x4)
                0x0800edb0                        _sidata = LOADADDR (.data)

.rel.dyn        0x0800edb0        0x0
 .rel.iplt      0x0800edb0        0x0 F:/st-stm32cubeclt/STM32CubeCLT_1.21.0/GNU-tools-for-STM32/bin/../lib/gcc/arm-none-eabi/14.3.1/thumb/v7-m/nofp/crtbegin.o

.data           0x20000000       0xbc load address 0x0800edb0
                0x20000000                        . = ALIGN (0x4)
                0x20000000                        _sdata = .
 *(.data)
 *(.data*)
 .data.SystemCoreClock
                0x20000000        0x4 cmake/stm32cubemx/CMakeFiles/STM32_Drivers.dir/__/__/Src/system_stm32f1xx.c.obj
                0x20000000                SystemCoreClock
 .data.uwTickFreq
                0x20000004        0x1 cmake/stm32cubemx/CMakeFiles/STM32_Drivers.dir/__/__/Drivers/STM32F1xx_HAL_Driver/Src/stm32f1xx_hal.c.obj
                0x20000004                uwTickFreq
 *fill*         0x20000005        0x3 
 .data.uwTickPrio
                0x20000008        0x4 cmake/stm32cubemx/CMakeFiles/STM32_Drivers.dir/__/__/Drivers/STM32F1xx_HAL_Driver/Src/stm32f1xx_hal.c.obj
                0x20000008                uwTickPrio
 .data.BACK_COLOR
                0x2000000c        0x2 CMakeFiles/4inch_cubeproject.dir/Src/lcd.c.obj
                0x2000000c                BACK_COLOR
 .data.need_full_refresh
                0x2000000e        0x1 CMakeFiles/4inch_cubeproject.dir/Src/test.c.obj
 .data.need_refresh
                0x2000000f        0x1 CMakeFiles/4inch_cubeproject.dir/Src/test.c.obj
 .data.g_press_thresh
                0x20000010        0xc CMakeFiles/4inch_cubeproject.dir/Src/test.c.obj
                0x20000010                g_press_thresh
 .data.g_hum_thresh
                0x2000001c        0xc CMakeFiles/4inch_cubeproject.dir/Src/test.c.obj
                0x2000001c                g_hum_thresh
 .data.g_temp_thresh
                0x20000028        0xc CMakeFiles/4inch_cubeproject.dir/Src/test.c.obj
                0x20000028                g_temp_thresh
 .data.g_pressure
                0x20000034        0x4 CMakeFiles/4inch_cubeproject.dir/Src/test.c.obj
                0x20000034                g_pressure
 .data.g_humidity
                0x20000038        0x4 CMakeFiles/4inch_cubeproject.dir/Src/test.c.obj
                0x20000038                g_humidity
 .data.g_temp   0x2000003c        0x4 CMakeFiles/4inch_cubeproject.dir/Src/test.c.obj
                0x2000003c                g_temp
 .data.CMD_RDY  0x20000040        0x1 CMakeFiles/4inch_cubeproject.dir/Src/touch.c.obj
                0x20000040                CMD_RDY
 .data.CMD_RDX  0x20000041        0x1 CMakeFiles/4inch_cubeproject.dir/Src/touch.c.obj
                0x20000041                CMD_RDX
 *fill*         0x20000042        0x2 
 .data.tp_dev   0x20000044       0x28 CMakeFiles/4inch_cubeproject.dir/Src/touch.c.obj
                0x20000044                tp_dev
 .data._impure_ptr
                0x2000006c        0x4 F:/st-stm32cubeclt/STM32CubeCLT_1.21.0/GNU-tools-for-STM32/bin/../lib/gcc/arm-none-eabi/14.3.1/../../../../arm-none-eabi/lib/thumb/v7-m/nofp\libg_nano.a(libc_a-impure.o)
                0x2000006c                _impure_ptr
 .data._impure_data
                0x20000070       0x4c F:/st-stm32cubeclt/STM32CubeCLT_1.21.0/GNU-tools-for-STM32/bin/../lib/gcc/arm-none-eabi/14.3.1/../../../../arm-none-eabi/lib/thumb/v7-m/nofp\libg_nano.a(libc_a-impure.o)
                0x20000070                _impure_data
 *(.RamFunc)
 *(.RamFunc*)
                0x200000bc                        . = ALIGN (0x4)

.igot.plt       0x200000bc        0x0 load address 0x0800ee6c
 .igot.plt      0x200000bc        0x0 F:/st-stm32cubeclt/STM32CubeCLT_1.21.0/GNU-tools-for-STM32/bin/../lib/gcc/arm-none-eabi/14.3.1/thumb/v7-m/nofp/crtbegin.o

.tdata          0x200000bc        0x0 load address 0x0800ee6c
 *(.tdata .tdata.* .gnu.linkonce.td.*)
                0x200000bc                        . = ALIGN (0x4)
                0x200000bc                        _edata = .
                [!provide]                        PROVIDE (__data_end = .)
                [!provide]                        PROVIDE (__tdata_end = .)
                [!provide]                        PROVIDE (__tdata_start = ADDR (.tdata))
                [!provide]                        PROVIDE (__tdata_size = (__tdata_end - __tdata_start))
                [!provide]                        PROVIDE (__data_start = ADDR (.data))
                [!provide]                        PROVIDE (__data_size = (__data_end - __data_start))
                [!provide]                        PROVIDE (__tdata_source = LOADADDR (.tdata))
                [!provide]                        PROVIDE (__tdata_source_end = (LOADADDR (.tdata) + SIZEOF (.tdata)))
                [!provide]                        PROVIDE (__tdata_source_size = (__tdata_source_end - __tdata_source))
                [!provide]                        PROVIDE (__data_source = LOADADDR (.data))
                [!provide]                        PROVIDE (__data_source_end = __tdata_source_end)
                [!provide]                        PROVIDE (__data_source_size = (__data_source_end - __data_source))

.tbss           0x200000bc        0x0 load address 0x0800ee6c
                0x200000bc                        _sbss = .
                0x200000bc                        __bss_start__ = _sbss
 *(.tbss .tbss.*)
                0x200000bc                        . = ALIGN (0x4)
                [!provide]                        PROVIDE (__tbss_end = .)
                [!provide]                        PROVIDE (__tbss_start = ADDR (.tbss))
                [!provide]                        PROVIDE (__tbss_size = (__tbss_end - __tbss_start))
                [!provide]                        PROVIDE (__tbss_offset = (ADDR (.tbss) - ADDR (.tdata)))
                [!provide]                        PROVIDE (__tls_base = __tdata_start)
                [!provide]                        PROVIDE (__tls_end = __tbss_end)
                [!provide]                        PROVIDE (__tls_size = (__tls_end - __tls_base))
                [!provide]                        PROVIDE (__tls_align = MAX (ALIGNOF (.tdata), ALIGNOF (.tbss)))
                [!provide]                        PROVIDE (__tls_size_align = (((__tls_size + __tls_align) - 0x1) & ~ ((__tls_align - 0x1))))
                [!provide]                        PROVIDE (__arm32_tls_tcb_offset = MAX (0x8, __tls_align))
                [!provide]                        PROVIDE (__arm64_tls_tcb_offset = MAX (0x10, __tls_align))

.bss            0x200000c0      0x870 load address 0x0800ee6c
 *(.bss)
 .bss           0x200000c0       0x1c F:/st-stm32cubeclt/STM32CubeCLT_1.21.0/GNU-tools-for-STM32/bin/../lib/gcc/arm-none-eabi/14.3.1/thumb/v7-m/nofp/crtbegin.o
 *(.bss*)
 .bss.uwTick    0x200000dc        0x4 cmake/stm32cubemx/CMakeFiles/STM32_Drivers.dir/__/__/Drivers/STM32F1xx_HAL_Driver/Src/stm32f1xx_hal.c.obj
                0x200000dc                uwTick
 .bss.pFlash    0x200000e0       0x20 cmake/stm32cubemx/CMakeFiles/STM32_Drivers.dir/__/__/Drivers/STM32F1xx_HAL_Driver/Src/stm32f1xx_hal_flash.c.obj
                0x200000e0                pFlash
 .bss.hspi1     0x20000100       0x58 CMakeFiles/4inch_cubeproject.dir/Src/spi.c.obj
                0x20000100                hspi1
 .bss.huart1    0x20000158       0x48 CMakeFiles/4inch_cubeproject.dir/Src/usart.c.obj
                0x20000158                huart1
 .bss.__sbrk_heap_end
                0x200001a0        0x4 CMakeFiles/4inch_cubeproject.dir/Src/sysmem.c.obj
 .bss.t_fine    0x200001a4        0x4 CMakeFiles/4inch_cubeproject.dir/Src/bmp280.c.obj
 .bss.dig_P9    0x200001a8        0x2 CMakeFiles/4inch_cubeproject.dir/Src/bmp280.c.obj
 .bss.dig_P8    0x200001aa        0x2 CMakeFiles/4inch_cubeproject.dir/Src/bmp280.c.obj
 .bss.dig_P7    0x200001ac        0x2 CMakeFiles/4inch_cubeproject.dir/Src/bmp280.c.obj
 .bss.dig_P6    0x200001ae        0x2 CMakeFiles/4inch_cubeproject.dir/Src/bmp280.c.obj
 .bss.dig_P5    0x200001b0        0x2 CMakeFiles/4inch_cubeproject.dir/Src/bmp280.c.obj
 .bss.dig_P4    0x200001b2        0x2 CMakeFiles/4inch_cubeproject.dir/Src/bmp280.c.obj
 .bss.dig_P3    0x200001b4        0x2 CMakeFiles/4inch_cubeproject.dir/Src/bmp280.c.obj
 .bss.dig_T3    0x200001b6        0x2 CMakeFiles/4inch_cubeproject.dir/Src/bmp280.c.obj
 .bss.dig_P2    0x200001b8        0x2 CMakeFiles/4inch_cubeproject.dir/Src/bmp280.c.obj
 .bss.dig_T2    0x200001ba        0x2 CMakeFiles/4inch_cubeproject.dir/Src/bmp280.c.obj
 .bss.dig_P1    0x200001bc        0x2 CMakeFiles/4inch_cubeproject.dir/Src/bmp280.c.obj
 .bss.dig_T1    0x200001be        0x2 CMakeFiles/4inch_cubeproject.dir/Src/bmp280.c.obj
 .bss.FLASH_BUF
                0x200001c0      0x400 CMakeFiles/4inch_cubeproject.dir/Src/flash.c.obj
 .bss.POINT_COLOR
                0x200005c0        0x2 CMakeFiles/4inch_cubeproject.dir/Src/lcd.c.obj
                0x200005c0                POINT_COLOR
 .bss.lcddev    0x200005c2        0xe CMakeFiles/4inch_cubeproject.dir/Src/lcd.c.obj
                0x200005c2                lcddev
 .bss.wave_pos  0x200005d0        0x1 CMakeFiles/4inch_cubeproject.dir/Src/test.c.obj
 .bss.wave_count
                0x200005d1        0x1 CMakeFiles/4inch_cubeproject.dir/Src/test.c.obj
 .bss.wave_press
                0x200005d2       0xa0 CMakeFiles/4inch_cubeproject.dir/Src/test.c.obj
 .bss.wave_hum  0x20000672       0xa0 CMakeFiles/4inch_cubeproject.dir/Src/test.c.obj
 .bss.wave_temp
                0x20000712       0xa0 CMakeFiles/4inch_cubeproject.dir/Src/test.c.obj
 .bss.key_ok_pressed
                0x200007b2        0x1 CMakeFiles/4inch_cubeproject.dir/Src/test.c.obj
 .bss.key_down_pressed
                0x200007b3        0x1 CMakeFiles/4inch_cubeproject.dir/Src/test.c.obj
 .bss.key_up_pressed
                0x200007b4        0x1 CMakeFiles/4inch_cubeproject.dir/Src/test.c.obj
 .bss.key_right_pressed
                0x200007b5        0x1 CMakeFiles/4inch_cubeproject.dir/Src/test.c.obj
 .bss.key_left_pressed
                0x200007b6        0x1 CMakeFiles/4inch_cubeproject.dir/Src/test.c.obj
 *fill*         0x200007b7        0x1 
 .bss.sensor_timer
                0x200007b8        0x2 CMakeFiles/4inch_cubeproject.dir/Src/test.c.obj
 *fill*         0x200007ba        0x2 
 .bss.edit_press_low
                0x200007bc        0x4 CMakeFiles/4inch_cubeproject.dir/Src/test.c.obj
 .bss.edit_press_high
                0x200007c0        0x4 CMakeFiles/4inch_cubeproject.dir/Src/test.c.obj
 .bss.edit_hum_low
                0x200007c4        0x4 CMakeFiles/4inch_cubeproject.dir/Src/test.c.obj
 .bss.edit_hum_high
                0x200007c8        0x4 CMakeFiles/4inch_cubeproject.dir/Src/test.c.obj
 .bss.edit_temp_low
                0x200007cc        0x4 CMakeFiles/4inch_cubeproject.dir/Src/test.c.obj
 .bss.edit_temp_high
                0x200007d0        0x4 CMakeFiles/4inch_cubeproject.dir/Src/test.c.obj
 .bss.last_press_alert
                0x200007d4        0x1 CMakeFiles/4inch_cubeproject.dir/Src/test.c.obj
 .bss.last_hum_alert
                0x200007d5        0x1 CMakeFiles/4inch_cubeproject.dir/Src/test.c.obj
 .bss.last_temp_alert
                0x200007d6        0x1 CMakeFiles/4inch_cubeproject.dir/Src/test.c.obj
 *fill*         0x200007d7        0x1 
 .bss.g_press_alert
                0x200007d8        0x4 CMakeFiles/4inch_cubeproject.dir/Src/test.c.obj
                0x200007d8                g_press_alert
 .bss.g_hum_alert
                0x200007dc        0x4 CMakeFiles/4inch_cubeproject.dir/Src/test.c.obj
                0x200007dc                g_hum_alert
 .bss.g_temp_alert
                0x200007e0        0x4 CMakeFiles/4inch_cubeproject.dir/Src/test.c.obj
                0x200007e0                g_temp_alert
 .bss.current_page
                0x200007e4        0x1 CMakeFiles/4inch_cubeproject.dir/Src/test.c.obj
                0x200007e4                current_page
 *fill*         0x200007e5        0x3 
 .bss.__sf      0x200007e8      0x138 F:/st-stm32cubeclt/STM32CubeCLT_1.21.0/GNU-tools-for-STM32/bin/../lib/gcc/arm-none-eabi/14.3.1/../../../../arm-none-eabi/lib/thumb/v7-m/nofp\libg_nano.a(libc_a-findfp.o)
                0x200007e8                __sf
 .bss.errno     0x20000920        0x4 F:/st-stm32cubeclt/STM32CubeCLT_1.21.0/GNU-tools-for-STM32/bin/../lib/gcc/arm-none-eabi/14.3.1/../../../../arm-none-eabi/lib/thumb/v7-m/nofp\libg_nano.a(libc_a-reent.o)
                0x20000920                errno
 .bss.__lock___malloc_recursive_mutex
                0x20000924        0x1 F:/st-stm32cubeclt/STM32CubeCLT_1.21.0/GNU-tools-for-STM32/bin/../lib/gcc/arm-none-eabi/14.3.1/../../../../arm-none-eabi/lib/thumb/v7-m/nofp\libg_nano.a(libc_a-lock.o)
                0x20000924                __lock___malloc_recursive_mutex
 *fill*         0x20000925        0x3 
 .bss.__malloc_sbrk_start
                0x20000928        0x4 F:/st-stm32cubeclt/STM32CubeCLT_1.21.0/GNU-tools-for-STM32/bin/../lib/gcc/arm-none-eabi/14.3.1/../../../../arm-none-eabi/lib/thumb/v7-m/nofp\libg_nano.a(libc_a-mallocr.o)
                0x20000928                __malloc_sbrk_start
 .bss.__malloc_free_list
                0x2000092c        0x4 F:/st-stm32cubeclt/STM32CubeCLT_1.21.0/GNU-tools-for-STM32/bin/../lib/gcc/arm-none-eabi/14.3.1/../../../../arm-none-eabi/lib/thumb/v7-m/nofp\libg_nano.a(libc_a-mallocr.o)
                0x2000092c                __malloc_free_list
 *(COMMON)
                0x20000930                        . = ALIGN (0x4)
                0x20000930                        _ebss = .
                0x20000930                        __bss_end__ = _ebss
                [!provide]                        PROVIDE (__bss_end = .)
                [!provide]                        PROVIDE (__non_tls_bss_start = ADDR (.bss))
                [!provide]                        PROVIDE (__bss_start = __tbss_start)
                [!provide]                        PROVIDE (__bss_size = (__bss_end - __bss_start))

._user_heap_stack
                0x20000930      0x600 load address 0x0800ee6c
                0x20000930                        . = ALIGN (0x8)
                [!provide]                        PROVIDE (end = .)
                0x20000930                        PROVIDE (_end = .)
                0x20000b30                        . = (. + _Min_Heap_Size)
 *fill*         0x20000930      0x200 
                0x20000f30                        . = (. + _Min_Stack_Size)
 *fill*         0x20000b30      0x400 
                0x20000f30                        . = ALIGN (0x8)

/DISCARD/
 libc.a:*(*)
 libm.a:*(*)
 libgcc.a:*(*)
OUTPUT(4inch_cubeproject.elf elf32-littlearm)
LOAD linker stubs

.ARM.attributes
                0x00000000       0x29
 .ARM.attributes
                0x00000000       0x1d F:/st-stm32cubeclt/STM32CubeCLT_1.21.0/GNU-tools-for-STM32/bin/../lib/gcc/arm-none-eabi/14.3.1/thumb/v7-m/nofp/crti.o
 .ARM.attributes
                0x0000001d       0x2d F:/st-stm32cubeclt/STM32CubeCLT_1.21.0/GNU-tools-for-STM32/bin/../lib/gcc/arm-none-eabi/14.3.1/thumb/v7-m/nofp/crtbegin.o
 .ARM.attributes
                0x0000004a       0x2d cmake/stm32cubemx/CMakeFiles/STM32_Drivers.dir/__/__/Src/system_stm32f1xx.c.obj
 .ARM.attributes
                0x00000077       0x2d cmake/stm32cubemx/CMakeFiles/STM32_Drivers.dir/__/__/Drivers/STM32F1xx_HAL_Driver/Src/stm32f1xx_hal_spi.c.obj
 .ARM.attributes
                0x000000a4       0x2d cmake/stm32cubemx/CMakeFiles/STM32_Drivers.dir/__/__/Drivers/STM32F1xx_HAL_Driver/Src/stm32f1xx_hal.c.obj
 .ARM.attributes
                0x000000d1       0x2d cmake/stm32cubemx/CMakeFiles/STM32_Drivers.dir/__/__/Drivers/STM32F1xx_HAL_Driver/Src/stm32f1xx_hal_rcc.c.obj
 .ARM.attributes
                0x000000fe       0x2d cmake/stm32cubemx/CMakeFiles/STM32_Drivers.dir/__/__/Drivers/STM32F1xx_HAL_Driver/Src/stm32f1xx_hal_gpio.c.obj
 .ARM.attributes
                0x0000012b       0x2d cmake/stm32cubemx/CMakeFiles/STM32_Drivers.dir/__/__/Drivers/STM32F1xx_HAL_Driver/Src/stm32f1xx_hal_cortex.c.obj
 .ARM.attributes
                0x00000158       0x2d cmake/stm32cubemx/CMakeFiles/STM32_Drivers.dir/__/__/Drivers/STM32F1xx_HAL_Driver/Src/stm32f1xx_hal_flash.c.obj
 .ARM.attributes
                0x00000185       0x2d cmake/stm32cubemx/CMakeFiles/STM32_Drivers.dir/__/__/Drivers/STM32F1xx_HAL_Driver/Src/stm32f1xx_hal_flash_ex.c.obj
 .ARM.attributes
                0x000001b2       0x2d cmake/stm32cubemx/CMakeFiles/STM32_Drivers.dir/__/__/Drivers/STM32F1xx_HAL_Driver/Src/stm32f1xx_hal_uart.c.obj
 .ARM.attributes
                0x000001df       0x2d CMakeFiles/4inch_cubeproject.dir/Src/main.c.obj
 .ARM.attributes
                0x0000020c       0x2d CMakeFiles/4inch_cubeproject.dir/Src/gpio.c.obj
 .ARM.attributes
                0x00000239       0x2d CMakeFiles/4inch_cubeproject.dir/Src/spi.c.obj
 .ARM.attributes
                0x00000266       0x2d CMakeFiles/4inch_cubeproject.dir/Src/usart.c.obj
 .ARM.attributes
                0x00000293       0x2d CMakeFiles/4inch_cubeproject.dir/Src/stm32f1xx_it.c.obj
 .ARM.attributes
                0x000002c0       0x2d CMakeFiles/4inch_cubeproject.dir/Src/stm32f1xx_hal_msp.c.obj
 .ARM.attributes
                0x000002ed       0x2d CMakeFiles/4inch_cubeproject.dir/Src/sysmem.c.obj
 .ARM.attributes
                0x0000031a       0x21 CMakeFiles/4inch_cubeproject.dir/startup_stm32f103xb.s.obj
 .ARM.attributes
                0x0000033b       0x2d CMakeFiles/4inch_cubeproject.dir/Src/aht20.c.obj
 .ARM.attributes
                0x00000368       0x2d CMakeFiles/4inch_cubeproject.dir/Src/bmp280.c.obj
 .ARM.attributes
                0x00000395       0x2d CMakeFiles/4inch_cubeproject.dir/Src/delay.c.obj
 .ARM.attributes
                0x000003c2       0x2d CMakeFiles/4inch_cubeproject.dir/Src/flash.c.obj
 .ARM.attributes
                0x000003ef       0x2d CMakeFiles/4inch_cubeproject.dir/Src/GUI.c.obj
 .ARM.attributes
                0x0000041c       0x2d CMakeFiles/4inch_cubeproject.dir/Src/humid.c.obj
 .ARM.attributes
                0x00000449       0x2d CMakeFiles/4inch_cubeproject.dir/Src/lcd.c.obj
 .ARM.attributes
                0x00000476       0x2d CMakeFiles/4inch_cubeproject.dir/Src/normal.c.obj
 .ARM.attributes
                0x000004a3       0x2d CMakeFiles/4inch_cubeproject.dir/Src/peixiao.c.obj
 .ARM.attributes
                0x000004d0       0x2d CMakeFiles/4inch_cubeproject.dir/Src/QIYA.c.obj
 .ARM.attributes
                0x000004fd       0x2d CMakeFiles/4inch_cubeproject.dir/Src/test.c.obj
 .ARM.attributes
                0x0000052a       0x2d CMakeFiles/4inch_cubeproject.dir/Src/tempreture.c.obj
 .ARM.attributes
                0x00000557       0x2d CMakeFiles/4inch_cubeproject.dir/Src/touch.c.obj
 .ARM.attributes
                0x00000584       0x2d F:/st-stm32cubeclt/STM32CubeCLT_1.21.0/GNU-tools-for-STM32/bin/../lib/gcc/arm-none-eabi/14.3.1/../../../../arm-none-eabi/lib/thumb/v7-m/nofp\libm.a(libm_a-w_sqrt.o)
 .ARM.attributes
                0x000005b1       0x2d F:/st-stm32cubeclt/STM32CubeCLT_1.21.0/GNU-tools-for-STM32/bin/../lib/gcc/arm-none-eabi/14.3.1/../../../../arm-none-eabi/lib/thumb/v7-m/nofp\libm.a(libm_a-e_sqrt.o)
 .ARM.attributes
                0x000005de       0x1d F:/st-stm32cubeclt/STM32CubeCLT_1.21.0/GNU-tools-for-STM32/bin/../lib/gcc/arm-none-eabi/14.3.1/thumb/v7-m/nofp\libgcc.a(_arm_addsubdf3.o)
 .ARM.attributes
                0x000005fb       0x1d F:/st-stm32cubeclt/STM32CubeCLT_1.21.0/GNU-tools-for-STM32/bin/../lib/gcc/arm-none-eabi/14.3.1/thumb/v7-m/nofp\libgcc.a(_arm_muldivdf3.o)
 .ARM.attributes
                0x00000618       0x1d F:/st-stm32cubeclt/STM32CubeCLT_1.21.0/GNU-tools-for-STM32/bin/../lib/gcc/arm-none-eabi/14.3.1/thumb/v7-m/nofp\libgcc.a(_arm_cmpdf2.o)
 .ARM.attributes
                0x00000635       0x1d F:/st-stm32cubeclt/STM32CubeCLT_1.21.0/GNU-tools-for-STM32/bin/../lib/gcc/arm-none-eabi/14.3.1/thumb/v7-m/nofp\libgcc.a(_arm_unorddf2.o)
 .ARM.attributes
                0x00000652       0x1d F:/st-stm32cubeclt/STM32CubeCLT_1.21.0/GNU-tools-for-STM32/bin/../lib/gcc/arm-none-eabi/14.3.1/thumb/v7-m/nofp\libgcc.a(_arm_fixunsdfsi.o)
 .ARM.attributes
                0x0000066f       0x1d F:/st-stm32cubeclt/STM32CubeCLT_1.21.0/GNU-tools-for-STM32/bin/../lib/gcc/arm-none-eabi/14.3.1/thumb/v7-m/nofp\libgcc.a(_arm_addsubsf3.o)
 .ARM.attributes
                0x0000068c       0x1d F:/st-stm32cubeclt/STM32CubeCLT_1.21.0/GNU-tools-for-STM32/bin/../lib/gcc/arm-none-eabi/14.3.1/thumb/v7-m/nofp\libgcc.a(_arm_muldivsf3.o)
 .ARM.attributes
                0x000006a9       0x1d F:/st-stm32cubeclt/STM32CubeCLT_1.21.0/GNU-tools-for-STM32/bin/../lib/gcc/arm-none-eabi/14.3.1/thumb/v7-m/nofp\libgcc.a(_arm_cmpsf2.o)
 .ARM.attributes
                0x000006c6       0x1d F:/st-stm32cubeclt/STM32CubeCLT_1.21.0/GNU-tools-for-STM32/bin/../lib/gcc/arm-none-eabi/14.3.1/thumb/v7-m/nofp\libgcc.a(_arm_fixsfsi.o)
 .ARM.attributes
                0x000006e3       0x1d F:/st-stm32cubeclt/STM32CubeCLT_1.21.0/GNU-tools-for-STM32/bin/../lib/gcc/arm-none-eabi/14.3.1/thumb/v7-m/nofp\libgcc.a(_arm_fixunssfsi.o)
 .ARM.attributes
                0x00000700       0x1d F:/st-stm32cubeclt/STM32CubeCLT_1.21.0/GNU-tools-for-STM32/bin/../lib/gcc/arm-none-eabi/14.3.1/thumb/v7-m/nofp\libgcc.a(_aeabi_ldivmod.o)
 .ARM.attributes
                0x0000071d       0x2d F:/st-stm32cubeclt/STM32CubeCLT_1.21.0/GNU-tools-for-STM32/bin/../lib/gcc/arm-none-eabi/14.3.1/thumb/v7-m/nofp\libgcc.a(_udivmoddi4.o)
 .ARM.attributes
                0x0000074a       0x1d F:/st-stm32cubeclt/STM32CubeCLT_1.21.0/GNU-tools-for-STM32/bin/../lib/gcc/arm-none-eabi/14.3.1/thumb/v7-m/nofp\libgcc.a(_dvmd_tls.o)
 .ARM.attributes
                0x00000767       0x2d F:/st-stm32cubeclt/STM32CubeCLT_1.21.0/GNU-tools-for-STM32/bin/../lib/gcc/arm-none-eabi/14.3.1/../../../../arm-none-eabi/lib/thumb/v7-m/nofp\libg_nano.a(libc_a-findfp.o)
 .ARM.attributes
                0x00000794       0x2d F:/st-stm32cubeclt/STM32CubeCLT_1.21.0/GNU-tools-for-STM32/bin/../lib/gcc/arm-none-eabi/14.3.1/../../../../arm-none-eabi/lib/thumb/v7-m/nofp\libg_nano.a(libc_a-sprintf.o)
 .ARM.attributes
                0x000007c1       0x2d F:/st-stm32cubeclt/STM32CubeCLT_1.21.0/GNU-tools-for-STM32/bin/../lib/gcc/arm-none-eabi/14.3.1/../../../../arm-none-eabi/lib/thumb/v7-m/nofp\libg_nano.a(libc_a-memset.o)
 .ARM.attributes
                0x000007ee       0x2d F:/st-stm32cubeclt/STM32CubeCLT_1.21.0/GNU-tools-for-STM32/bin/../lib/gcc/arm-none-eabi/14.3.1/../../../../arm-none-eabi/lib/thumb/v7-m/nofp\libg_nano.a(libc_a-reent.o)
 .ARM.attributes
                0x0000081b       0x2d F:/st-stm32cubeclt/STM32CubeCLT_1.21.0/GNU-tools-for-STM32/bin/../lib/gcc/arm-none-eabi/14.3.1/../../../../arm-none-eabi/lib/thumb/v7-m/nofp\libg_nano.a(libc_a-impure.o)
 .ARM.attributes
                0x00000848       0x2d F:/st-stm32cubeclt/STM32CubeCLT_1.21.0/GNU-tools-for-STM32/bin/../lib/gcc/arm-none-eabi/14.3.1/../../../../arm-none-eabi/lib/thumb/v7-m/nofp\libg_nano.a(libc_a-errno.o)
 .ARM.attributes
                0x00000875       0x2d F:/st-stm32cubeclt/STM32CubeCLT_1.21.0/GNU-tools-for-STM32/bin/../lib/gcc/arm-none-eabi/14.3.1/../../../../arm-none-eabi/lib/thumb/v7-m/nofp\libg_nano.a(libc_a-init.o)
 .ARM.attributes
                0x000008a2       0x2d F:/st-stm32cubeclt/STM32CubeCLT_1.21.0/GNU-tools-for-STM32/bin/../lib/gcc/arm-none-eabi/14.3.1/../../../../arm-none-eabi/lib/thumb/v7-m/nofp\libg_nano.a(libc_a-lock.o)
 .ARM.attributes
                0x000008cf       0x17 F:/st-stm32cubeclt/STM32CubeCLT_1.21.0/GNU-tools-for-STM32/bin/../lib/gcc/arm-none-eabi/14.3.1/../../../../arm-none-eabi/lib/thumb/v7-m/nofp\libg_nano.a(libc_a-strlen.o)
 .ARM.attributes
                0x000008e6       0x2d F:/st-stm32cubeclt/STM32CubeCLT_1.21.0/GNU-tools-for-STM32/bin/../lib/gcc/arm-none-eabi/14.3.1/../../../../arm-none-eabi/lib/thumb/v7-m/nofp\libg_nano.a(libc_a-freer.o)
 .ARM.attributes
                0x00000913       0x2d F:/st-stm32cubeclt/STM32CubeCLT_1.21.0/GNU-tools-for-STM32/bin/../lib/gcc/arm-none-eabi/14.3.1/../../../../arm-none-eabi/lib/thumb/v7-m/nofp\libg_nano.a(libc_a-mallocr.o)
 .ARM.attributes
                0x00000940       0x2d F:/st-stm32cubeclt/STM32CubeCLT_1.21.0/GNU-tools-for-STM32/bin/../lib/gcc/arm-none-eabi/14.3.1/../../../../arm-none-eabi/lib/thumb/v7-m/nofp\libg_nano.a(libc_a-mlock.o)
 .ARM.attributes
                0x0000096d       0x2d F:/st-stm32cubeclt/STM32CubeCLT_1.21.0/GNU-tools-for-STM32/bin/../lib/gcc/arm-none-eabi/14.3.1/../../../../arm-none-eabi/lib/thumb/v7-m/nofp\libg_nano.a(libc_a-nano-svfprintf.o)
 .ARM.attributes
                0x0000099a       0x2d F:/st-stm32cubeclt/STM32CubeCLT_1.21.0/GNU-tools-for-STM32/bin/../lib/gcc/arm-none-eabi/14.3.1/../../../../arm-none-eabi/lib/thumb/v7-m/nofp\libg_nano.a(libc_a-nano-vfprintf_i.o)
 .ARM.attributes
                0x000009c7       0x2d F:/st-stm32cubeclt/STM32CubeCLT_1.21.0/GNU-tools-for-STM32/bin/../lib/gcc/arm-none-eabi/14.3.1/../../../../arm-none-eabi/lib/thumb/v7-m/nofp\libg_nano.a(libc_a-memmove.o)
 .ARM.attributes
                0x000009f4       0x2d F:/st-stm32cubeclt/STM32CubeCLT_1.21.0/GNU-tools-for-STM32/bin/../lib/gcc/arm-none-eabi/14.3.1/../../../../arm-none-eabi/lib/thumb/v7-m/nofp\libg_nano.a(libc_a-sbrkr.o)
 .ARM.attributes
                0x00000a21       0x2d F:/st-stm32cubeclt/STM32CubeCLT_1.21.0/GNU-tools-for-STM32/bin/../lib/gcc/arm-none-eabi/14.3.1/../../../../arm-none-eabi/lib/thumb/v7-m/nofp\libg_nano.a(libc_a-memchr-stub.o)
 .ARM.attributes
                0x00000a4e       0x2d F:/st-stm32cubeclt/STM32CubeCLT_1.21.0/GNU-tools-for-STM32/bin/../lib/gcc/arm-none-eabi/14.3.1/../../../../arm-none-eabi/lib/thumb/v7-m/nofp\libg_nano.a(libc_a-memcpy-stub.o)
 .ARM.attributes
                0x00000a7b       0x2d F:/st-stm32cubeclt/STM32CubeCLT_1.21.0/GNU-tools-for-STM32/bin/../lib/gcc/arm-none-eabi/14.3.1/../../../../arm-none-eabi/lib/thumb/v7-m/nofp\libg_nano.a(libc_a-reallocr.o)
 .ARM.attributes
                0x00000aa8       0x2d F:/st-stm32cubeclt/STM32CubeCLT_1.21.0/GNU-tools-for-STM32/bin/../lib/gcc/arm-none-eabi/14.3.1/../../../../arm-none-eabi/lib/thumb/v7-m/nofp\libg_nano.a(libc_a-msizer.o)
 .ARM.attributes
                0x00000ad5       0x1d F:/st-stm32cubeclt/STM32CubeCLT_1.21.0/GNU-tools-for-STM32/bin/../lib/gcc/arm-none-eabi/14.3.1/thumb/v7-m/nofp/crtn.o

.comment        0x00000000       0x43
 .comment       0x00000000       0x43 cmake/stm32cubemx/CMakeFiles/STM32_Drivers.dir/__/__/Src/system_stm32f1xx.c.obj
                                 0x44 (size before relaxing)
 .comment       0x00000043       0x44 cmake/stm32cubemx/CMakeFiles/STM32_Drivers.dir/__/__/Drivers/STM32F1xx_HAL_Driver/Src/stm32f1xx_hal_spi.c.obj
 .comment       0x00000043       0x44 cmake/stm32cubemx/CMakeFiles/STM32_Drivers.dir/__/__/Drivers/STM32F1xx_HAL_Driver/Src/stm32f1xx_hal.c.obj
 .comment       0x00000043       0x44 cmake/stm32cubemx/CMakeFiles/STM32_Drivers.dir/__/__/Drivers/STM32F1xx_HAL_Driver/Src/stm32f1xx_hal_rcc.c.obj
 .comment       0x00000043       0x44 cmake/stm32cubemx/CMakeFiles/STM32_Drivers.dir/__/__/Drivers/STM32F1xx_HAL_Driver/Src/stm32f1xx_hal_gpio.c.obj
 .comment       0x00000043       0x44 cmake/stm32cubemx/CMakeFiles/STM32_Drivers.dir/__/__/Drivers/STM32F1xx_HAL_Driver/Src/stm32f1xx_hal_cortex.c.obj
 .comment       0x00000043       0x44 cmake/stm32cubemx/CMakeFiles/STM32_Drivers.dir/__/__/Drivers/STM32F1xx_HAL_Driver/Src/stm32f1xx_hal_flash.c.obj
 .comment       0x00000043       0x44 cmake/stm32cubemx/CMakeFiles/STM32_Drivers.dir/__/__/Drivers/STM32F1xx_HAL_Driver/Src/stm32f1xx_hal_flash_ex.c.obj
 .comment       0x00000043       0x44 cmake/stm32cubemx/CMakeFiles/STM32_Drivers.dir/__/__/Drivers/STM32F1xx_HAL_Driver/Src/stm32f1xx_hal_uart.c.obj
 .comment       0x00000043       0x44 CMakeFiles/4inch_cubeproject.dir/Src/main.c.obj
 .comment       0x00000043       0x44 CMakeFiles/4inch_cubeproject.dir/Src/gpio.c.obj
 .comment       0x00000043       0x44 CMakeFiles/4inch_cubeproject.dir/Src/spi.c.obj
 .comment       0x00000043       0x44 CMakeFiles/4inch_cubeproject.dir/Src/usart.c.obj
 .comment       0x00000043       0x44 CMakeFiles/4inch_cubeproject.dir/Src/stm32f1xx_it.c.obj
 .comment       0x00000043       0x44 CMakeFiles/4inch_cubeproject.dir/Src/stm32f1xx_hal_msp.c.obj
 .comment       0x00000043       0x44 CMakeFiles/4inch_cubeproject.dir/Src/sysmem.c.obj
 .comment       0x00000043       0x44 CMakeFiles/4inch_cubeproject.dir/Src/aht20.c.obj
 .comment       0x00000043       0x44 CMakeFiles/4inch_cubeproject.dir/Src/bmp280.c.obj
 .comment       0x00000043       0x44 CMakeFiles/4inch_cubeproject.dir/Src/delay.c.obj
 .comment       0x00000043       0x44 CMakeFiles/4inch_cubeproject.dir/Src/flash.c.obj
 .comment       0x00000043       0x44 CMakeFiles/4inch_cubeproject.dir/Src/GUI.c.obj
 .comment       0x00000043       0x44 CMakeFiles/4inch_cubeproject.dir/Src/humid.c.obj
 .comment       0x00000043       0x44 CMakeFiles/4inch_cubeproject.dir/Src/lcd.c.obj
 .comment       0x00000043       0x44 CMakeFiles/4inch_cubeproject.dir/Src/normal.c.obj
 .comment       0x00000043       0x44 CMakeFiles/4inch_cubeproject.dir/Src/peixiao.c.obj
 .comment       0x00000043       0x44 CMakeFiles/4inch_cubeproject.dir/Src/QIYA.c.obj
 .comment       0x00000043       0x44 CMakeFiles/4inch_cubeproject.dir/Src/test.c.obj
 .comment       0x00000043       0x44 CMakeFiles/4inch_cubeproject.dir/Src/tempreture.c.obj
 .comment       0x00000043       0x44 CMakeFiles/4inch_cubeproject.dir/Src/touch.c.obj
 .comment       0x00000043       0x44 F:/st-stm32cubeclt/STM32CubeCLT_1.21.0/GNU-tools-for-STM32/bin/../lib/gcc/arm-none-eabi/14.3.1/../../../../arm-none-eabi/lib/thumb/v7-m/nofp\libg_nano.a(libc_a-findfp.o)
 .comment       0x00000043       0x44 F:/st-stm32cubeclt/STM32CubeCLT_1.21.0/GNU-tools-for-STM32/bin/../lib/gcc/arm-none-eabi/14.3.1/../../../../arm-none-eabi/lib/thumb/v7-m/nofp\libg_nano.a(libc_a-sprintf.o)
 .comment       0x00000043       0x44 F:/st-stm32cubeclt/STM32CubeCLT_1.21.0/GNU-tools-for-STM32/bin/../lib/gcc/arm-none-eabi/14.3.1/../../../../arm-none-eabi/lib/thumb/v7-m/nofp\libg_nano.a(libc_a-memset.o)
 .comment       0x00000043       0x44 F:/st-stm32cubeclt/STM32CubeCLT_1.21.0/GNU-tools-for-STM32/bin/../lib/gcc/arm-none-eabi/14.3.1/../../../../arm-none-eabi/lib/thumb/v7-m/nofp\libg_nano.a(libc_a-reent.o)
 .comment       0x00000043       0x44 F:/st-stm32cubeclt/STM32CubeCLT_1.21.0/GNU-tools-for-STM32/bin/../lib/gcc/arm-none-eabi/14.3.1/../../../../arm-none-eabi/lib/thumb/v7-m/nofp\libg_nano.a(libc_a-impure.o)
 .comment       0x00000043       0x44 F:/st-stm32cubeclt/STM32CubeCLT_1.21.0/GNU-tools-for-STM32/bin/../lib/gcc/arm-none-eabi/14.3.1/../../../../arm-none-eabi/lib/thumb/v7-m/nofp\libg_nano.a(libc_a-errno.o)
 .comment       0x00000043       0x44 F:/st-stm32cubeclt/STM32CubeCLT_1.21.0/GNU-tools-for-STM32/bin/../lib/gcc/arm-none-eabi/14.3.1/../../../../arm-none-eabi/lib/thumb/v7-m/nofp\libg_nano.a(libc_a-init.o)
 .comment       0x00000043       0x44 F:/st-stm32cubeclt/STM32CubeCLT_1.21.0/GNU-tools-for-STM32/bin/../lib/gcc/arm-none-eabi/14.3.1/../../../../arm-none-eabi/lib/thumb/v7-m/nofp\libg_nano.a(libc_a-lock.o)
 .comment       0x00000043       0x44 F:/st-stm32cubeclt/STM32CubeCLT_1.21.0/GNU-tools-for-STM32/bin/../lib/gcc/arm-none-eabi/14.3.1/../../../../arm-none-eabi/lib/thumb/v7-m/nofp\libg_nano.a(libc_a-freer.o)
 .comment       0x00000043       0x44 F:/st-stm32cubeclt/STM32CubeCLT_1.21.0/GNU-tools-for-STM32/bin/../lib/gcc/arm-none-eabi/14.3.1/../../../../arm-none-eabi/lib/thumb/v7-m/nofp\libg_nano.a(libc_a-mallocr.o)
 .comment       0x00000043       0x44 F:/st-stm32cubeclt/STM32CubeCLT_1.21.0/GNU-tools-for-STM32/bin/../lib/gcc/arm-none-eabi/14.3.1/../../../../arm-none-eabi/lib/thumb/v7-m/nofp\libg_nano.a(libc_a-mlock.o)
 .comment       0x00000043       0x44 F:/st-stm32cubeclt/STM32CubeCLT_1.21.0/GNU-tools-for-STM32/bin/../lib/gcc/arm-none-eabi/14.3.1/../../../../arm-none-eabi/lib/thumb/v7-m/nofp\libg_nano.a(libc_a-nano-svfprintf.o)
 .comment       0x00000043       0x44 F:/st-stm32cubeclt/STM32CubeCLT_1.21.0/GNU-tools-for-STM32/bin/../lib/gcc/arm-none-eabi/14.3.1/../../../../arm-none-eabi/lib/thumb/v7-m/nofp\libg_nano.a(libc_a-nano-vfprintf_i.o)
 .comment       0x00000043       0x44 F:/st-stm32cubeclt/STM32CubeCLT_1.21.0/GNU-tools-for-STM32/bin/../lib/gcc/arm-none-eabi/14.3.1/../../../../arm-none-eabi/lib/thumb/v7-m/nofp\libg_nano.a(libc_a-memmove.o)
 .comment       0x00000043       0x44 F:/st-stm32cubeclt/STM32CubeCLT_1.21.0/GNU-tools-for-STM32/bin/../lib/gcc/arm-none-eabi/14.3.1/../../../../arm-none-eabi/lib/thumb/v7-m/nofp\libg_nano.a(libc_a-sbrkr.o)
 .comment       0x00000043       0x44 F:/st-stm32cubeclt/STM32CubeCLT_1.21.0/GNU-tools-for-STM32/bin/../lib/gcc/arm-none-eabi/14.3.1/../../../../arm-none-eabi/lib/thumb/v7-m/nofp\libg_nano.a(libc_a-memchr-stub.o)
 .comment       0x00000043       0x44 F:/st-stm32cubeclt/STM32CubeCLT_1.21.0/GNU-tools-for-STM32/bin/../lib/gcc/arm-none-eabi/14.3.1/../../../../arm-none-eabi/lib/thumb/v7-m/nofp\libg_nano.a(libc_a-memcpy-stub.o)
 .comment       0x00000043       0x44 F:/st-stm32cubeclt/STM32CubeCLT_1.21.0/GNU-tools-for-STM32/bin/../lib/gcc/arm-none-eabi/14.3.1/../../../../arm-none-eabi/lib/thumb/v7-m/nofp\libg_nano.a(libc_a-reallocr.o)
 .comment       0x00000043       0x44 F:/st-stm32cubeclt/STM32CubeCLT_1.21.0/GNU-tools-for-STM32/bin/../lib/gcc/arm-none-eabi/14.3.1/../../../../arm-none-eabi/lib/thumb/v7-m/nofp\libg_nano.a(libc_a-msizer.o)

.debug_info     0x00000000    0x1d600
 .debug_info    0x00000000      0x231 cmake/stm32cubemx/CMakeFiles/STM32_Drivers.dir/__/__/Src/system_stm32f1xx.c.obj
 .debug_info    0x00000231     0x1cbb cmake/stm32cubemx/CMakeFiles/STM32_Drivers.dir/__/__/Drivers/STM32F1xx_HAL_Driver/Src/stm32f1xx_hal_spi.c.obj
 .debug_info    0x00001eec      0x7dc cmake/stm32cubemx/CMakeFiles/STM32_Drivers.dir/__/__/Drivers/STM32F1xx_HAL_Driver/Src/stm32f1xx_hal.c.obj
 .debug_info    0x000026c8      0x9fb cmake/stm32cubemx/CMakeFiles/STM32_Drivers.dir/__/__/Drivers/STM32F1xx_HAL_Driver/Src/stm32f1xx_hal_rcc.c.obj
 .debug_info    0x000030c3      0x612 cmake/stm32cubemx/CMakeFiles/STM32_Drivers.dir/__/__/Drivers/STM32F1xx_HAL_Driver/Src/stm32f1xx_hal_gpio.c.obj
 .debug_info    0x000036d5      0xced cmake/stm32cubemx/CMakeFiles/STM32_Drivers.dir/__/__/Drivers/STM32F1xx_HAL_Driver/Src/stm32f1xx_hal_cortex.c.obj
 .debug_info    0x000043c2      0x669 cmake/stm32cubemx/CMakeFiles/STM32_Drivers.dir/__/__/Drivers/STM32F1xx_HAL_Driver/Src/stm32f1xx_hal_flash.c.obj
 .debug_info    0x00004a2b      0xba4 cmake/stm32cubemx/CMakeFiles/STM32_Drivers.dir/__/__/Drivers/STM32F1xx_HAL_Driver/Src/stm32f1xx_hal_flash_ex.c.obj
 .debug_info    0x000055cf     0x4077 cmake/stm32cubemx/CMakeFiles/STM32_Drivers.dir/__/__/Drivers/STM32F1xx_HAL_Driver/Src/stm32f1xx_hal_uart.c.obj
 .debug_info    0x00009646      0x3f3 CMakeFiles/4inch_cubeproject.dir/Src/main.c.obj
 .debug_info    0x00009a39      0x3cd CMakeFiles/4inch_cubeproject.dir/Src/gpio.c.obj
 .debug_info    0x00009e06      0x85d CMakeFiles/4inch_cubeproject.dir/Src/spi.c.obj
 .debug_info    0x0000a663      0x83a CMakeFiles/4inch_cubeproject.dir/Src/usart.c.obj
 .debug_info    0x0000ae9d      0x115 CMakeFiles/4inch_cubeproject.dir/Src/stm32f1xx_it.c.obj
 .debug_info    0x0000afb2      0x1ec CMakeFiles/4inch_cubeproject.dir/Src/stm32f1xx_hal_msp.c.obj
 .debug_info    0x0000b19e      0x175 CMakeFiles/4inch_cubeproject.dir/Src/sysmem.c.obj
 .debug_info    0x0000b313       0x30 CMakeFiles/4inch_cubeproject.dir/startup_stm32f103xb.s.obj
 .debug_info    0x0000b343      0xf1e CMakeFiles/4inch_cubeproject.dir/Src/aht20.c.obj
 .debug_info    0x0000c261      0x7d8 CMakeFiles/4inch_cubeproject.dir/Src/bmp280.c.obj
 .debug_info    0x0000ca39      0x158 CMakeFiles/4inch_cubeproject.dir/Src/delay.c.obj
 .debug_info    0x0000cb91      0x3c9 CMakeFiles/4inch_cubeproject.dir/Src/flash.c.obj
 .debug_info    0x0000cf5a     0x1bd7 CMakeFiles/4inch_cubeproject.dir/Src/GUI.c.obj
 .debug_info    0x0000eb31       0x5e CMakeFiles/4inch_cubeproject.dir/Src/humid.c.obj
 .debug_info    0x0000eb8f     0x141b CMakeFiles/4inch_cubeproject.dir/Src/lcd.c.obj
 .debug_info    0x0000ffaa       0x5e CMakeFiles/4inch_cubeproject.dir/Src/normal.c.obj
 .debug_info    0x00010008       0x5e CMakeFiles/4inch_cubeproject.dir/Src/peixiao.c.obj
 .debug_info    0x00010066       0x5e CMakeFiles/4inch_cubeproject.dir/Src/QIYA.c.obj
 .debug_info    0x000100c4     0x2ed9 CMakeFiles/4inch_cubeproject.dir/Src/test.c.obj
 .debug_info    0x00012f9d       0x5e CMakeFiles/4inch_cubeproject.dir/Src/tempreture.c.obj
 .debug_info    0x00012ffb     0x1fb9 CMakeFiles/4inch_cubeproject.dir/Src/touch.c.obj
 .debug_info    0x00014fb4      0xfb2 F:/st-stm32cubeclt/STM32CubeCLT_1.21.0/GNU-tools-for-STM32/bin/../lib/gcc/arm-none-eabi/14.3.1/../../../../arm-none-eabi/lib/thumb/v7-m/nofp\libg_nano.a(libc_a-findfp.o)
 .debug_info    0x00015f66      0x885 F:/st-stm32cubeclt/STM32CubeCLT_1.21.0/GNU-tools-for-STM32/bin/../lib/gcc/arm-none-eabi/14.3.1/../../../../arm-none-eabi/lib/thumb/v7-m/nofp\libg_nano.a(libc_a-sprintf.o)
 .debug_info    0x000167eb       0xe0 F:/st-stm32cubeclt/STM32CubeCLT_1.21.0/GNU-tools-for-STM32/bin/../lib/gcc/arm-none-eabi/14.3.1/../../../../arm-none-eabi/lib/thumb/v7-m/nofp\libg_nano.a(libc_a-memset.o)
 .debug_info    0x000168cb      0x8a1 F:/st-stm32cubeclt/STM32CubeCLT_1.21.0/GNU-tools-for-STM32/bin/../lib/gcc/arm-none-eabi/14.3.1/../../../../arm-none-eabi/lib/thumb/v7-m/nofp\libg_nano.a(libc_a-reent.o)
 .debug_info    0x0001716c      0x715 F:/st-stm32cubeclt/STM32CubeCLT_1.21.0/GNU-tools-for-STM32/bin/../lib/gcc/arm-none-eabi/14.3.1/../../../../arm-none-eabi/lib/thumb/v7-m/nofp\libg_nano.a(libc_a-impure.o)
 .debug_info    0x00017881      0x6fb F:/st-stm32cubeclt/STM32CubeCLT_1.21.0/GNU-tools-for-STM32/bin/../lib/gcc/arm-none-eabi/14.3.1/../../../../arm-none-eabi/lib/thumb/v7-m/nofp\libg_nano.a(libc_a-errno.o)
 .debug_info    0x00017f7c      0x10b F:/st-stm32cubeclt/STM32CubeCLT_1.21.0/GNU-tools-for-STM32/bin/../lib/gcc/arm-none-eabi/14.3.1/../../../../arm-none-eabi/lib/thumb/v7-m/nofp\libg_nano.a(libc_a-init.o)
 .debug_info    0x00018087      0x218 F:/st-stm32cubeclt/STM32CubeCLT_1.21.0/GNU-tools-for-STM32/bin/../lib/gcc/arm-none-eabi/14.3.1/../../../../arm-none-eabi/lib/thumb/v7-m/nofp\libg_nano.a(libc_a-lock.o)
 .debug_info    0x0001829f       0x31 F:/st-stm32cubeclt/STM32CubeCLT_1.21.0/GNU-tools-for-STM32/bin/../lib/gcc/arm-none-eabi/14.3.1/../../../../arm-none-eabi/lib/thumb/v7-m/nofp\libg_nano.a(libc_a-strlen.o)
 .debug_info    0x000182d0      0x851 F:/st-stm32cubeclt/STM32CubeCLT_1.21.0/GNU-tools-for-STM32/bin/../lib/gcc/arm-none-eabi/14.3.1/../../../../arm-none-eabi/lib/thumb/v7-m/nofp\libg_nano.a(libc_a-freer.o)
 .debug_info    0x00018b21      0x9bc F:/st-stm32cubeclt/STM32CubeCLT_1.21.0/GNU-tools-for-STM32/bin/../lib/gcc/arm-none-eabi/14.3.1/../../../../arm-none-eabi/lib/thumb/v7-m/nofp\libg_nano.a(libc_a-mallocr.o)
 .debug_info    0x000194dd      0x76b F:/st-stm32cubeclt/STM32CubeCLT_1.21.0/GNU-tools-for-STM32/bin/../lib/gcc/arm-none-eabi/14.3.1/../../../../arm-none-eabi/lib/thumb/v7-m/nofp\libg_nano.a(libc_a-mlock.o)
 .debug_info    0x00019c48     0x10b3 F:/st-stm32cubeclt/STM32CubeCLT_1.21.0/GNU-tools-for-STM32/bin/../lib/gcc/arm-none-eabi/14.3.1/../../../../arm-none-eabi/lib/thumb/v7-m/nofp\libg_nano.a(libc_a-nano-svfprintf.o)
 .debug_info    0x0001acfb      0xde2 F:/st-stm32cubeclt/STM32CubeCLT_1.21.0/GNU-tools-for-STM32/bin/../lib/gcc/arm-none-eabi/14.3.1/../../../../arm-none-eabi/lib/thumb/v7-m/nofp\libg_nano.a(libc_a-nano-vfprintf_i.o)
 .debug_info    0x0001badd      0x10f F:/st-stm32cubeclt/STM32CubeCLT_1.21.0/GNU-tools-for-STM32/bin/../lib/gcc/arm-none-eabi/14.3.1/../../../../arm-none-eabi/lib/thumb/v7-m/nofp\libg_nano.a(libc_a-memmove.o)
 .debug_info    0x0001bbec      0x782 F:/st-stm32cubeclt/STM32CubeCLT_1.21.0/GNU-tools-for-STM32/bin/../lib/gcc/arm-none-eabi/14.3.1/../../../../arm-none-eabi/lib/thumb/v7-m/nofp\libg_nano.a(libc_a-sbrkr.o)